
**** Build of configuration Release for project RTOS_project ****

"C:\\ti\\ccs1281\\ccs\\utils\\bin\\gmake" -k -j 16 all -O 
 
Building file: "../main.c"
Invoking: Arm Compiler
"C:/ti/ccs1281/ccs/tools/compiler/ti-cgt-arm_20.2.7.LTS/bin/armcl" -mv7M4 --code_state=16 --float_support=FPv4SPD16 -me -O2 --include_path="F:/Advanced embedded diploma/RTOS/project/RTOS_project" --include_path="F:/Advanced embedded diploma/RTOS/project/RTOS_project/FreeRTOS/Source/include" --include_path="F:/Advanced embedded diploma/RTOS/project/RTOS_project/FreeRTOS/Source/include" --include_path="F:/Advanced embedded diploma/RTOS/project/RTOS_project/FreeRTOS/Source/portable/CCS/ARM_CM4F" --include_path="F:/Advanced embedded diploma/RTOS/project/RTOS_project/FreeRTOS/Source/portable/MemMang" --include_path="F:/Advanced embedded diploma/RTOS/project/RTOS_project/MCAL" --include_path="C:/ti/ccs1281/ccs/tools/compiler/ti-cgt-arm_20.2.7.LTS/include" --define=ccs="ccs" --define=PART_TM4C123GH6PM --gcc --diag_warning=225 --diag_wrap=off --display_error_number --abi=eabi --preproc_with_compile --preproc_dependency="main.d_raw"  "../main.c"
Finished building: "../main.c"
 
Building file: "../tm4c123gh6pm_startup_ccs.c"
Invoking: Arm Compiler
"C:/ti/ccs1281/ccs/tools/compiler/ti-cgt-arm_20.2.7.LTS/bin/armcl" -mv7M4 --code_state=16 --float_support=FPv4SPD16 -me -O2 --include_path="F:/Advanced embedded diploma/RTOS/project/RTOS_project" --include_path="F:/Advanced embedded diploma/RTOS/project/RTOS_project/FreeRTOS/Source/include" --include_path="F:/Advanced embedded diploma/RTOS/project/RTOS_project/FreeRTOS/Source/include" --include_path="F:/Advanced embedded diploma/RTOS/project/RTOS_project/FreeRTOS/Source/portable/CCS/ARM_CM4F" --include_path="F:/Advanced embedded diploma/RTOS/project/RTOS_project/FreeRTOS/Source/portable/MemMang" --include_path="F:/Advanced embedded diploma/RTOS/project/RTOS_project/MCAL" --include_path="C:/ti/ccs1281/ccs/tools/compiler/ti-cgt-arm_20.2.7.LTS/include" --define=ccs="ccs" --define=PART_TM4C123GH6PM --gcc --diag_warning=225 --diag_wrap=off --display_error_number --abi=eabi --preproc_with_compile --preproc_dependency="tm4c123gh6pm_startup_ccs.d_raw"  "../tm4c123gh6pm_startup_ccs.c"
Finished building: "../tm4c123gh6pm_startup_ccs.c"
 
Building file: "../FreeRTOS/Source/list.c"
Invoking: Arm Compiler
"C:/ti/ccs1281/ccs/tools/compiler/ti-cgt-arm_20.2.7.LTS/bin/armcl" -mv7M4 --code_state=16 --float_support=FPv4SPD16 -me -O2 --include_path="F:/Advanced embedded diploma/RTOS/project/RTOS_project" --include_path="F:/Advanced embedded diploma/RTOS/project/RTOS_project/FreeRTOS/Source/include" --include_path="F:/Advanced embedded diploma/RTOS/project/RTOS_project/FreeRTOS/Source/include" --include_path="F:/Advanced embedded diploma/RTOS/project/RTOS_project/FreeRTOS/Source/portable/CCS/ARM_CM4F" --include_path="F:/Advanced embedded diploma/RTOS/project/RTOS_project/FreeRTOS/Source/portable/MemMang" --include_path="F:/Advanced embedded diploma/RTOS/project/RTOS_project/MCAL" --include_path="C:/ti/ccs1281/ccs/tools/compiler/ti-cgt-arm_20.2.7.LTS/include" --define=ccs="ccs" --define=PART_TM4C123GH6PM --gcc --diag_warning=225 --diag_wrap=off --display_error_number --abi=eabi --preproc_with_compile --preproc_dependency="FreeRTOS/Source/list.d_raw" --obj_directory="FreeRTOS/Source"  "../FreeRTOS/Source/list.c"
Finished building: "../FreeRTOS/Source/list.c"
 
Building file: "../FreeRTOS/Source/event_groups.c"
Invoking: Arm Compiler
"C:/ti/ccs1281/ccs/tools/compiler/ti-cgt-arm_20.2.7.LTS/bin/armcl" -mv7M4 --code_state=16 --float_support=FPv4SPD16 -me -O2 --include_path="F:/Advanced embedded diploma/RTOS/project/RTOS_project" --include_path="F:/Advanced embedded diploma/RTOS/project/RTOS_project/FreeRTOS/Source/include" --include_path="F:/Advanced embedded diploma/RTOS/project/RTOS_project/FreeRTOS/Source/include" --include_path="F:/Advanced embedded diploma/RTOS/project/RTOS_project/FreeRTOS/Source/portable/CCS/ARM_CM4F" --include_path="F:/Advanced embedded diploma/RTOS/project/RTOS_project/FreeRTOS/Source/portable/MemMang" --include_path="F:/Advanced embedded diploma/RTOS/project/RTOS_project/MCAL" --include_path="C:/ti/ccs1281/ccs/tools/compiler/ti-cgt-arm_20.2.7.LTS/include" --define=ccs="ccs" --define=PART_TM4C123GH6PM --gcc --diag_warning=225 --diag_wrap=off --display_error_number --abi=eabi --preproc_with_compile --preproc_dependency="FreeRTOS/Source/event_groups.d_raw" --obj_directory="FreeRTOS/Source"  "../FreeRTOS/Source/event_groups.c"
Finished building: "../FreeRTOS/Source/event_groups.c"
 
Building file: "../FreeRTOS/Source/timers.c"
Invoking: Arm Compiler
"C:/ti/ccs1281/ccs/tools/compiler/ti-cgt-arm_20.2.7.LTS/bin/armcl" -mv7M4 --code_state=16 --float_support=FPv4SPD16 -me -O2 --include_path="F:/Advanced embedded diploma/RTOS/project/RTOS_project" --include_path="F:/Advanced embedded diploma/RTOS/project/RTOS_project/FreeRTOS/Source/include" --include_path="F:/Advanced embedded diploma/RTOS/project/RTOS_project/FreeRTOS/Source/include" --include_path="F:/Advanced embedded diploma/RTOS/project/RTOS_project/FreeRTOS/Source/portable/CCS/ARM_CM4F" --include_path="F:/Advanced embedded diploma/RTOS/project/RTOS_project/FreeRTOS/Source/portable/MemMang" --include_path="F:/Advanced embedded diploma/RTOS/project/RTOS_project/MCAL" --include_path="C:/ti/ccs1281/ccs/tools/compiler/ti-cgt-arm_20.2.7.LTS/include" --define=ccs="ccs" --define=PART_TM4C123GH6PM --gcc --diag_warning=225 --diag_wrap=off --display_error_number --abi=eabi --preproc_with_compile --preproc_dependency="FreeRTOS/Source/timers.d_raw" --obj_directory="FreeRTOS/Source"  "../FreeRTOS/Source/timers.c"
Finished building: "../FreeRTOS/Source/timers.c"
 
Building file: "../FreeRTOS/Source/portable/CCS/ARM_CM4F/portasm.asm"
Invoking: Arm Compiler
"C:/ti/ccs1281/ccs/tools/compiler/ti-cgt-arm_20.2.7.LTS/bin/armcl" -mv7M4 --code_state=16 --float_support=FPv4SPD16 -me -O2 --include_path="F:/Advanced embedded diploma/RTOS/project/RTOS_project" --include_path="F:/Advanced embedded diploma/RTOS/project/RTOS_project/FreeRTOS/Source/include" --include_path="F:/Advanced embedded diploma/RTOS/project/RTOS_project/FreeRTOS/Source/include" --include_path="F:/Advanced embedded diploma/RTOS/project/RTOS_project/FreeRTOS/Source/portable/CCS/ARM_CM4F" --include_path="F:/Advanced embedded diploma/RTOS/project/RTOS_project/FreeRTOS/Source/portable/MemMang" --include_path="F:/Advanced embedded diploma/RTOS/project/RTOS_project/MCAL" --include_path="C:/ti/ccs1281/ccs/tools/compiler/ti-cgt-arm_20.2.7.LTS/include" --define=ccs="ccs" --define=PART_TM4C123GH6PM --gcc --diag_warning=225 --diag_wrap=off --display_error_number --abi=eabi --preproc_with_compile --preproc_dependency="FreeRTOS/Source/portable/CCS/ARM_CM4F/portasm.d_raw" --obj_directory="FreeRTOS/Source/portable/CCS/ARM_CM4F"  "../FreeRTOS/Source/portable/CCS/ARM_CM4F/portasm.asm"
Finished building: "../FreeRTOS/Source/portable/CCS/ARM_CM4F/portasm.asm"
 
Building file: "../FreeRTOS/Source/portable/CCS/ARM_CM4F/port.c"
Invoking: Arm Compiler
"C:/ti/ccs1281/ccs/tools/compiler/ti-cgt-arm_20.2.7.LTS/bin/armcl" -mv7M4 --code_state=16 --float_support=FPv4SPD16 -me -O2 --include_path="F:/Advanced embedded diploma/RTOS/project/RTOS_project" --include_path="F:/Advanced embedded diploma/RTOS/project/RTOS_project/FreeRTOS/Source/include" --include_path="F:/Advanced embedded diploma/RTOS/project/RTOS_project/FreeRTOS/Source/include" --include_path="F:/Advanced embedded diploma/RTOS/project/RTOS_project/FreeRTOS/Source/portable/CCS/ARM_CM4F" --include_path="F:/Advanced embedded diploma/RTOS/project/RTOS_project/FreeRTOS/Source/portable/MemMang" --include_path="F:/Advanced embedded diploma/RTOS/project/RTOS_project/MCAL" --include_path="C:/ti/ccs1281/ccs/tools/compiler/ti-cgt-arm_20.2.7.LTS/include" --define=ccs="ccs" --define=PART_TM4C123GH6PM --gcc --diag_warning=225 --diag_wrap=off --display_error_number --abi=eabi --preproc_with_compile --preproc_dependency="FreeRTOS/Source/portable/CCS/ARM_CM4F/port.d_raw" --obj_directory="FreeRTOS/Source/portable/CCS/ARM_CM4F"  "../FreeRTOS/Source/portable/CCS/ARM_CM4F/port.c"
Finished building: "../FreeRTOS/Source/portable/CCS/ARM_CM4F/port.c"
 
Building file: "../FreeRTOS/Source/queue.c"
Invoking: Arm Compiler
"C:/ti/ccs1281/ccs/tools/compiler/ti-cgt-arm_20.2.7.LTS/bin/armcl" -mv7M4 --code_state=16 --float_support=FPv4SPD16 -me -O2 --include_path="F:/Advanced embedded diploma/RTOS/project/RTOS_project" --include_path="F:/Advanced embedded diploma/RTOS/project/RTOS_project/FreeRTOS/Source/include" --include_path="F:/Advanced embedded diploma/RTOS/project/RTOS_project/FreeRTOS/Source/include" --include_path="F:/Advanced embedded diploma/RTOS/project/RTOS_project/FreeRTOS/Source/portable/CCS/ARM_CM4F" --include_path="F:/Advanced embedded diploma/RTOS/project/RTOS_project/FreeRTOS/Source/portable/MemMang" --include_path="F:/Advanced embedded diploma/RTOS/project/RTOS_project/MCAL" --include_path="C:/ti/ccs1281/ccs/tools/compiler/ti-cgt-arm_20.2.7.LTS/include" --define=ccs="ccs" --define=PART_TM4C123GH6PM --gcc --diag_warning=225 --diag_wrap=off --display_error_number --abi=eabi --preproc_with_compile --preproc_dependency="FreeRTOS/Source/queue.d_raw" --obj_directory="FreeRTOS/Source"  "../FreeRTOS/Source/queue.c"
Finished building: "../FreeRTOS/Source/queue.c"
 
Building file: "../MCAL/ADC.c"
Invoking: Arm Compiler
"C:/ti/ccs1281/ccs/tools/compiler/ti-cgt-arm_20.2.7.LTS/bin/armcl" -mv7M4 --code_state=16 --float_support=FPv4SPD16 -me -O2 --include_path="F:/Advanced embedded diploma/RTOS/project/RTOS_project" --include_path="F:/Advanced embedded diploma/RTOS/project/RTOS_project/FreeRTOS/Source/include" --include_path="F:/Advanced embedded diploma/RTOS/project/RTOS_project/FreeRTOS/Source/include" --include_path="F:/Advanced embedded diploma/RTOS/project/RTOS_project/FreeRTOS/Source/portable/CCS/ARM_CM4F" --include_path="F:/Advanced embedded diploma/RTOS/project/RTOS_project/FreeRTOS/Source/portable/MemMang" --include_path="F:/Advanced embedded diploma/RTOS/project/RTOS_project/MCAL" --include_path="C:/ti/ccs1281/ccs/tools/compiler/ti-cgt-arm_20.2.7.LTS/include" --define=ccs="ccs" --define=PART_TM4C123GH6PM --gcc --diag_warning=225 --diag_wrap=off --display_error_number --abi=eabi --preproc_with_compile --preproc_dependency="MCAL/ADC.d_raw" --obj_directory="MCAL"  "../MCAL/ADC.c"
Finished building: "../MCAL/ADC.c"
 
Building file: "../FreeRTOS/Source/portable/MemMang/heap_4.c"
Invoking: Arm Compiler
"C:/ti/ccs1281/ccs/tools/compiler/ti-cgt-arm_20.2.7.LTS/bin/armcl" -mv7M4 --code_state=16 --float_support=FPv4SPD16 -me -O2 --include_path="F:/Advanced embedded diploma/RTOS/project/RTOS_project" --include_path="F:/Advanced embedded diploma/RTOS/project/RTOS_project/FreeRTOS/Source/include" --include_path="F:/Advanced embedded diploma/RTOS/project/RTOS_project/FreeRTOS/Source/include" --include_path="F:/Advanced embedded diploma/RTOS/project/RTOS_project/FreeRTOS/Source/portable/CCS/ARM_CM4F" --include_path="F:/Advanced embedded diploma/RTOS/project/RTOS_project/FreeRTOS/Source/portable/MemMang" --include_path="F:/Advanced embedded diploma/RTOS/project/RTOS_project/MCAL" --include_path="C:/ti/ccs1281/ccs/tools/compiler/ti-cgt-arm_20.2.7.LTS/include" --define=ccs="ccs" --define=PART_TM4C123GH6PM --gcc --diag_warning=225 --diag_wrap=off --display_error_number --abi=eabi --preproc_with_compile --preproc_dependency="FreeRTOS/Source/portable/MemMang/heap_4.d_raw" --obj_directory="FreeRTOS/Source/portable/MemMang"  "../FreeRTOS/Source/portable/MemMang/heap_4.c"
Finished building: "../FreeRTOS/Source/portable/MemMang/heap_4.c"
 
Building file: "../FreeRTOS/Source/tasks.c"
Invoking: Arm Compiler
"C:/ti/ccs1281/ccs/tools/compiler/ti-cgt-arm_20.2.7.LTS/bin/armcl" -mv7M4 --code_state=16 --float_support=FPv4SPD16 -me -O2 --include_path="F:/Advanced embedded diploma/RTOS/project/RTOS_project" --include_path="F:/Advanced embedded diploma/RTOS/project/RTOS_project/FreeRTOS/Source/include" --include_path="F:/Advanced embedded diploma/RTOS/project/RTOS_project/FreeRTOS/Source/include" --include_path="F:/Advanced embedded diploma/RTOS/project/RTOS_project/FreeRTOS/Source/portable/CCS/ARM_CM4F" --include_path="F:/Advanced embedded diploma/RTOS/project/RTOS_project/FreeRTOS/Source/portable/MemMang" --include_path="F:/Advanced embedded diploma/RTOS/project/RTOS_project/MCAL" --include_path="C:/ti/ccs1281/ccs/tools/compiler/ti-cgt-arm_20.2.7.LTS/include" --define=ccs="ccs" --define=PART_TM4C123GH6PM --gcc --diag_warning=225 --diag_wrap=off --display_error_number --abi=eabi --preproc_with_compile --preproc_dependency="FreeRTOS/Source/tasks.d_raw" --obj_directory="FreeRTOS/Source"  "../FreeRTOS/Source/tasks.c"
Finished building: "../FreeRTOS/Source/tasks.c"
 
Building file: "../MCAL/GPT.c"
Invoking: Arm Compiler
"C:/ti/ccs1281/ccs/tools/compiler/ti-cgt-arm_20.2.7.LTS/bin/armcl" -mv7M4 --code_state=16 --float_support=FPv4SPD16 -me -O2 --include_path="F:/Advanced embedded diploma/RTOS/project/RTOS_project" --include_path="F:/Advanced embedded diploma/RTOS/project/RTOS_project/FreeRTOS/Source/include" --include_path="F:/Advanced embedded diploma/RTOS/project/RTOS_project/FreeRTOS/Source/include" --include_path="F:/Advanced embedded diploma/RTOS/project/RTOS_project/FreeRTOS/Source/portable/CCS/ARM_CM4F" --include_path="F:/Advanced embedded diploma/RTOS/project/RTOS_project/FreeRTOS/Source/portable/MemMang" --include_path="F:/Advanced embedded diploma/RTOS/project/RTOS_project/MCAL" --include_path="C:/ti/ccs1281/ccs/tools/compiler/ti-cgt-arm_20.2.7.LTS/include" --define=ccs="ccs" --define=PART_TM4C123GH6PM --gcc --diag_warning=225 --diag_wrap=off --display_error_number --abi=eabi --preproc_with_compile --preproc_dependency="MCAL/GPT.d_raw" --obj_directory="MCAL"  "../MCAL/GPT.c"
Finished building: "../MCAL/GPT.c"
 
Building file: "../MCAL/GPIO.c"
Invoking: Arm Compiler
"C:/ti/ccs1281/ccs/tools/compiler/ti-cgt-arm_20.2.7.LTS/bin/armcl" -mv7M4 --code_state=16 --float_support=FPv4SPD16 -me -O2 --include_path="F:/Advanced embedded diploma/RTOS/project/RTOS_project" --include_path="F:/Advanced embedded diploma/RTOS/project/RTOS_project/FreeRTOS/Source/include" --include_path="F:/Advanced embedded diploma/RTOS/project/RTOS_project/FreeRTOS/Source/include" --include_path="F:/Advanced embedded diploma/RTOS/project/RTOS_project/FreeRTOS/Source/portable/CCS/ARM_CM4F" --include_path="F:/Advanced embedded diploma/RTOS/project/RTOS_project/FreeRTOS/Source/portable/MemMang" --include_path="F:/Advanced embedded diploma/RTOS/project/RTOS_project/MCAL" --include_path="C:/ti/ccs1281/ccs/tools/compiler/ti-cgt-arm_20.2.7.LTS/include" --define=ccs="ccs" --define=PART_TM4C123GH6PM --gcc --diag_warning=225 --diag_wrap=off --display_error_number --abi=eabi --preproc_with_compile --preproc_dependency="MCAL/GPIO.d_raw" --obj_directory="MCAL"  "../MCAL/GPIO.c"
Finished building: "../MCAL/GPIO.c"
 
Building file: "../MCAL/UART.c"
Invoking: Arm Compiler
"C:/ti/ccs1281/ccs/tools/compiler/ti-cgt-arm_20.2.7.LTS/bin/armcl" -mv7M4 --code_state=16 --float_support=FPv4SPD16 -me -O2 --include_path="F:/Advanced embedded diploma/RTOS/project/RTOS_project" --include_path="F:/Advanced embedded diploma/RTOS/project/RTOS_project/FreeRTOS/Source/include" --include_path="F:/Advanced embedded diploma/RTOS/project/RTOS_project/FreeRTOS/Source/include" --include_path="F:/Advanced embedded diploma/RTOS/project/RTOS_project/FreeRTOS/Source/portable/CCS/ARM_CM4F" --include_path="F:/Advanced embedded diploma/RTOS/project/RTOS_project/FreeRTOS/Source/portable/MemMang" --include_path="F:/Advanced embedded diploma/RTOS/project/RTOS_project/MCAL" --include_path="C:/ti/ccs1281/ccs/tools/compiler/ti-cgt-arm_20.2.7.LTS/include" --define=ccs="ccs" --define=PART_TM4C123GH6PM --gcc --diag_warning=225 --diag_wrap=off --display_error_number --abi=eabi --preproc_with_compile --preproc_dependency="MCAL/UART.d_raw" --obj_directory="MCAL"  "../MCAL/UART.c"
Finished building: "../MCAL/UART.c"
 
Building target: "RTOS_project.out"
Invoking: Arm Linker
"C:/ti/ccs1281/ccs/tools/compiler/ti-cgt-arm_20.2.7.LTS/bin/armcl" -mv7M4 --code_state=16 --float_support=FPv4SPD16 -me -O2 --define=ccs="ccs" --define=PART_TM4C123GH6PM --gcc --diag_warning=225 --diag_wrap=off --display_error_number --abi=eabi -z -m"RTOS_project.map" --heap_size=0 --stack_size=512 -i"C:/ti/ccs1281/ccs/tools/compiler/ti-cgt-arm_20.2.7.LTS/lib" -i"C:/ti/ccs1281/ccs/tools/compiler/ti-cgt-arm_20.2.7.LTS/include" --reread_libs --diag_wrap=off --display_error_number --warn_sections --xml_link_info="RTOS_project_linkInfo.xml" --rom_model -o "RTOS_project.out" "./main.obj" "./tm4c123gh6pm_startup_ccs.obj" "./FreeRTOS/Source/event_groups.obj" "./FreeRTOS/Source/list.obj" "./FreeRTOS/Source/queue.obj" "./FreeRTOS/Source/tasks.obj" "./FreeRTOS/Source/timers.obj" "./FreeRTOS/Source/portable/CCS/ARM_CM4F/port.obj" "./FreeRTOS/Source/portable/CCS/ARM_CM4F/portasm.obj" "./FreeRTOS/Source/portable/MemMang/heap_4.obj" "./MCAL/ADC.obj" "./MCAL/GPIO.obj" "./MCAL/GPT.obj" "./MCAL/UART.obj" "../tm4c123gh6pm.cmd"  -llibc.a 
<Linking>
 
 undefined  first referenced
  symbol        in file     
 ---------  ----------------
 vTaskDelay ./main.obj      
 
error #10234-D: unresolved symbols remain
error #10010: errors encountered during linking; "RTOS_project.out" not built
 
>> Compilation failure
makefile:156: recipe for target 'RTOS_project.out' failed
gmake[1]: *** [RTOS_project.out] Error 1
makefile:152: recipe for target 'all' failed
gmake: *** [all] Error 2

**** Build Finished ****
