<?xml version="1.0" encoding="ISO-8859-1" ?>
<link_info>
   <banner>TI ARM Linker PC v20.2.7.LTS</banner>
   <copyright>Copyright (c) 1996-2018 Texas Instruments Incorporated</copyright>
   <link_time>0x67fd9da1</link_time>
   <link_errors>0x0</link_errors>
   <output_file>RTOS_project1.out</output_file>
   <entry_point>
      <name>_c_int00_noargs</name>
      <address>0xac19</address>
   </entry_point>
   <input_file_list>
      <input_file id="fl-2">
         <path>.\</path>
         <kind>object</kind>
         <file>main.obj</file>
         <name>main.obj</name>
      </input_file>
      <input_file id="fl-3">
         <path>.\</path>
         <kind>object</kind>
         <file>seat_heater.obj</file>
         <name>seat_heater.obj</name>
      </input_file>
      <input_file id="fl-4">
         <path>.\</path>
         <kind>object</kind>
         <file>tm4c123gh6pm_startup_ccs.obj</file>
         <name>tm4c123gh6pm_startup_ccs.obj</name>
      </input_file>
      <input_file id="fl-5">
         <path>.\FreeRTOS\Source\</path>
         <kind>object</kind>
         <file>event_groups.obj</file>
         <name>event_groups.obj</name>
      </input_file>
      <input_file id="fl-6">
         <path>.\FreeRTOS\Source\</path>
         <kind>object</kind>
         <file>list.obj</file>
         <name>list.obj</name>
      </input_file>
      <input_file id="fl-7">
         <path>.\FreeRTOS\Source\</path>
         <kind>object</kind>
         <file>queue.obj</file>
         <name>queue.obj</name>
      </input_file>
      <input_file id="fl-8">
         <path>.\FreeRTOS\Source\</path>
         <kind>object</kind>
         <file>tasks.obj</file>
         <name>tasks.obj</name>
      </input_file>
      <input_file id="fl-9">
         <path>.\FreeRTOS\Source\</path>
         <kind>object</kind>
         <file>timers.obj</file>
         <name>timers.obj</name>
      </input_file>
      <input_file id="fl-a">
         <path>.\FreeRTOS\Source\portable\CCS\ARM_CM4F\</path>
         <kind>object</kind>
         <file>port.obj</file>
         <name>port.obj</name>
      </input_file>
      <input_file id="fl-b">
         <path>.\FreeRTOS\Source\portable\CCS\ARM_CM4F\</path>
         <kind>object</kind>
         <file>portasm.obj</file>
         <name>portasm.obj</name>
      </input_file>
      <input_file id="fl-c">
         <path>.\FreeRTOS\Source\portable\MemMang\</path>
         <kind>object</kind>
         <file>heap_4.obj</file>
         <name>heap_4.obj</name>
      </input_file>
      <input_file id="fl-d">
         <path>.\MCAL\ADC\</path>
         <kind>object</kind>
         <file>ADC.obj</file>
         <name>ADC.obj</name>
      </input_file>
      <input_file id="fl-e">
         <path>.\MCAL\GPIO\</path>
         <kind>object</kind>
         <file>GPIO.obj</file>
         <name>GPIO.obj</name>
      </input_file>
      <input_file id="fl-f">
         <path>.\MCAL\GPTM\</path>
         <kind>object</kind>
         <file>GPTM.obj</file>
         <name>GPTM.obj</name>
      </input_file>
      <input_file id="fl-10">
         <path>.\MCAL\UART\</path>
         <kind>object</kind>
         <file>UART.obj</file>
         <name>UART.obj</name>
      </input_file>
      <input_file id="fl-14">
         <kind>object</kind>
         <file>&lt;internal&gt;</file>
         <name>&lt;internal&gt;</name>
      </input_file>
      <input_file id="fl-ca">
         <path>C:\ti\ccs1281\ccs\tools\compiler\ti-cgt-arm_20.2.7.LTS\lib\</path>
         <kind>archive</kind>
         <file>rtsv7M4_T_le_v4SPD16_eabi.lib</file>
         <name>snprintf.c.obj</name>
      </input_file>
      <input_file id="fl-cb">
         <path>C:\ti\ccs1281\ccs\tools\compiler\ti-cgt-arm_20.2.7.LTS\lib\</path>
         <kind>archive</kind>
         <file>rtsv7M4_T_le_v4SPD16_eabi.lib</file>
         <name>memcpy_t2.asm.obj</name>
      </input_file>
      <input_file id="fl-cc">
         <path>C:\ti\ccs1281\ccs\tools\compiler\ti-cgt-arm_20.2.7.LTS\lib\</path>
         <kind>archive</kind>
         <file>rtsv7M4_T_le_v4SPD16_eabi.lib</file>
         <name>memset_t2.asm.obj</name>
      </input_file>
      <input_file id="fl-cd">
         <path>C:\ti\ccs1281\ccs\tools\compiler\ti-cgt-arm_20.2.7.LTS\lib\</path>
         <kind>archive</kind>
         <file>rtsv7M4_T_le_v4SPD16_eabi.lib</file>
         <name>ll_div_t2.asm.obj</name>
      </input_file>
      <input_file id="fl-ce">
         <path>C:\ti\ccs1281\ccs\tools\compiler\ti-cgt-arm_20.2.7.LTS\lib\</path>
         <kind>archive</kind>
         <file>rtsv7M4_T_le_v4SPD16_eabi.lib</file>
         <name>ull_div_t2.asm.obj</name>
      </input_file>
      <input_file id="fl-cf">
         <path>C:\ti\ccs1281\ccs\tools\compiler\ti-cgt-arm_20.2.7.LTS\lib\</path>
         <kind>archive</kind>
         <file>rtsv7M4_T_le_v4SPD16_eabi.lib</file>
         <name>copy_zero_init.c.obj</name>
      </input_file>
      <input_file id="fl-d0">
         <path>C:\ti\ccs1281\ccs\tools\compiler\ti-cgt-arm_20.2.7.LTS\lib\</path>
         <kind>archive</kind>
         <file>rtsv7M4_T_le_v4SPD16_eabi.lib</file>
         <name>copy_decompress_none.c.obj</name>
      </input_file>
      <input_file id="fl-d1">
         <path>C:\ti\ccs1281\ccs\tools\compiler\ti-cgt-arm_20.2.7.LTS\lib\</path>
         <kind>archive</kind>
         <file>rtsv7M4_T_le_v4SPD16_eabi.lib</file>
         <name>copy_decompress_lzss.c.obj</name>
      </input_file>
      <input_file id="fl-d2">
         <path>C:\ti\ccs1281\ccs\tools\compiler\ti-cgt-arm_20.2.7.LTS\lib\</path>
         <kind>archive</kind>
         <file>rtsv7M4_T_le_v4SPD16_eabi.lib</file>
         <name>boot_cortex_m.c.obj</name>
      </input_file>
      <input_file id="fl-d3">
         <path>C:\ti\ccs1281\ccs\tools\compiler\ti-cgt-arm_20.2.7.LTS\lib\</path>
         <kind>archive</kind>
         <file>rtsv7M4_T_le_v4SPD16_eabi.lib</file>
         <name>_printfi.c.obj</name>
      </input_file>
      <input_file id="fl-d4">
         <path>C:\ti\ccs1281\ccs\tools\compiler\ti-cgt-arm_20.2.7.LTS\lib\</path>
         <kind>archive</kind>
         <file>rtsv7M4_T_le_v4SPD16_eabi.lib</file>
         <name>div0.asm.obj</name>
      </input_file>
      <input_file id="fl-d5">
         <path>C:\ti\ccs1281\ccs\tools\compiler\ti-cgt-arm_20.2.7.LTS\lib\</path>
         <kind>archive</kind>
         <file>rtsv7M4_T_le_v4SPD16_eabi.lib</file>
         <name>fd_add_t2.asm.obj</name>
      </input_file>
      <input_file id="fl-d6">
         <path>C:\ti\ccs1281\ccs\tools\compiler\ti-cgt-arm_20.2.7.LTS\lib\</path>
         <kind>archive</kind>
         <file>rtsv7M4_T_le_v4SPD16_eabi.lib</file>
         <name>fd_cmp_t2.asm.obj</name>
      </input_file>
      <input_file id="fl-d7">
         <path>C:\ti\ccs1281\ccs\tools\compiler\ti-cgt-arm_20.2.7.LTS\lib\</path>
         <kind>archive</kind>
         <file>rtsv7M4_T_le_v4SPD16_eabi.lib</file>
         <name>fd_div_t2.asm.obj</name>
      </input_file>
      <input_file id="fl-d8">
         <path>C:\ti\ccs1281\ccs\tools\compiler\ti-cgt-arm_20.2.7.LTS\lib\</path>
         <kind>archive</kind>
         <file>rtsv7M4_T_le_v4SPD16_eabi.lib</file>
         <name>fd_mul_t2.asm.obj</name>
      </input_file>
      <input_file id="fl-d9">
         <path>C:\ti\ccs1281\ccs\tools\compiler\ti-cgt-arm_20.2.7.LTS\lib\</path>
         <kind>archive</kind>
         <file>rtsv7M4_T_le_v4SPD16_eabi.lib</file>
         <name>fd_toi_t2.asm.obj</name>
      </input_file>
      <input_file id="fl-da">
         <path>C:\ti\ccs1281\ccs\tools\compiler\ti-cgt-arm_20.2.7.LTS\lib\</path>
         <kind>archive</kind>
         <file>rtsv7M4_T_le_v4SPD16_eabi.lib</file>
         <name>i_tofd_t2.asm.obj</name>
      </input_file>
      <input_file id="fl-db">
         <path>C:\ti\ccs1281\ccs\tools\compiler\ti-cgt-arm_20.2.7.LTS\lib\</path>
         <kind>archive</kind>
         <file>rtsv7M4_T_le_v4SPD16_eabi.lib</file>
         <name>autoinit.c.obj</name>
      </input_file>
      <input_file id="fl-dc">
         <path>C:\ti\ccs1281\ccs\tools\compiler\ti-cgt-arm_20.2.7.LTS\lib\</path>
         <kind>archive</kind>
         <file>rtsv7M4_T_le_v4SPD16_eabi.lib</file>
         <name>pre_init.c.obj</name>
      </input_file>
      <input_file id="fl-dd">
         <path>C:\ti\ccs1281\ccs\tools\compiler\ti-cgt-arm_20.2.7.LTS\lib\</path>
         <kind>archive</kind>
         <file>rtsv7M4_T_le_v4SPD16_eabi.lib</file>
         <name>cpy_tbl.c.obj</name>
      </input_file>
      <input_file id="fl-de">
         <path>C:\ti\ccs1281\ccs\tools\compiler\ti-cgt-arm_20.2.7.LTS\lib\</path>
         <kind>archive</kind>
         <file>rtsv7M4_T_le_v4SPD16_eabi.lib</file>
         <name>exit.c.obj</name>
      </input_file>
      <input_file id="fl-df">
         <path>C:\ti\ccs1281\ccs\tools\compiler\ti-cgt-arm_20.2.7.LTS\lib\</path>
         <kind>archive</kind>
         <file>rtsv7M4_T_le_v4SPD16_eabi.lib</file>
         <name>_lock.c.obj</name>
      </input_file>
      <input_file id="fl-e0">
         <path>C:\ti\ccs1281\ccs\tools\compiler\ti-cgt-arm_20.2.7.LTS\lib\</path>
         <kind>archive</kind>
         <file>rtsv7M4_T_le_v4SPD16_eabi.lib</file>
         <name>_ltoa.c.obj</name>
      </input_file>
      <input_file id="fl-e1">
         <path>C:\ti\ccs1281\ccs\tools\compiler\ti-cgt-arm_20.2.7.LTS\lib\</path>
         <kind>archive</kind>
         <file>rtsv7M4_T_le_v4SPD16_eabi.lib</file>
         <name>args_main.c.obj</name>
      </input_file>
      <input_file id="fl-e2">
         <path>C:\ti\ccs1281\ccs\tools\compiler\ti-cgt-arm_20.2.7.LTS\lib\</path>
         <kind>archive</kind>
         <file>rtsv7M4_T_le_v4SPD16_eabi.lib</file>
         <name>atoi.c.obj</name>
      </input_file>
      <input_file id="fl-e3">
         <path>C:\ti\ccs1281\ccs\tools\compiler\ti-cgt-arm_20.2.7.LTS\lib\</path>
         <kind>archive</kind>
         <file>rtsv7M4_T_le_v4SPD16_eabi.lib</file>
         <name>ctype.c.obj</name>
      </input_file>
      <input_file id="fl-e4">
         <path>C:\ti\ccs1281\ccs\tools\compiler\ti-cgt-arm_20.2.7.LTS\lib\</path>
         <kind>archive</kind>
         <file>rtsv7M4_T_le_v4SPD16_eabi.lib</file>
         <name>memccpy.c.obj</name>
      </input_file>
      <input_file id="fl-e5">
         <path>C:\ti\ccs1281\ccs\tools\compiler\ti-cgt-arm_20.2.7.LTS\lib\</path>
         <kind>archive</kind>
         <file>rtsv7M4_T_le_v4SPD16_eabi.lib</file>
         <name>strchr.c.obj</name>
      </input_file>
      <input_file id="fl-e6">
         <path>C:\ti\ccs1281\ccs\tools\compiler\ti-cgt-arm_20.2.7.LTS\lib\</path>
         <kind>archive</kind>
         <file>rtsv7M4_T_le_v4SPD16_eabi.lib</file>
         <name>strlen.c.obj</name>
      </input_file>
      <input_file id="fl-e7">
         <path>C:\ti\ccs1281\ccs\tools\compiler\ti-cgt-arm_20.2.7.LTS\lib\</path>
         <kind>archive</kind>
         <file>rtsv7M4_T_le_v4SPD16_eabi.lib</file>
         <name>errno.c.obj</name>
      </input_file>
      <input_file id="fl-e8">
         <path>C:\ti\ccs1281\ccs\tools\compiler\ti-cgt-arm_20.2.7.LTS\lib\</path>
         <kind>archive</kind>
         <file>rtsv7M4_T_le_v4SPD16_eabi.lib</file>
         <name>wcslen.c.obj</name>
      </input_file>
      <input_file id="fl-e9">
         <path>C:\ti\ccs1281\ccs\tools\compiler\ti-cgt-arm_20.2.7.LTS\lib\</path>
         <kind>archive</kind>
         <file>rtsv7M4_T_le_v4SPD16_eabi.lib</file>
         <name>s_frexp.c.obj</name>
      </input_file>
      <input_file id="fl-ea">
         <path>C:\ti\ccs1281\ccs\tools\compiler\ti-cgt-arm_20.2.7.LTS\lib\</path>
         <kind>archive</kind>
         <file>rtsv7M4_T_le_v4SPD16_eabi.lib</file>
         <name>s_scalbn.c.obj</name>
      </input_file>
      <input_file id="fl-eb">
         <path>C:\ti\ccs1281\ccs\tools\compiler\ti-cgt-arm_20.2.7.LTS\lib\</path>
         <kind>archive</kind>
         <file>rtsv7M4_T_le_v4SPD16_eabi.lib</file>
         <name>s_copysign.c.obj</name>
      </input_file>
   </input_file_list>
   <object_component_list>
      <object_component id="oc-12">
         <name>.intvecs</name>
         <load_address>0x0</load_address>
         <run_address>0x0</run_address>
         <size>0x248</size>
         <input_file_ref idref="fl-4"/>
      </object_component>
      <object_component id="oc-90">
         <name>.text</name>
         <load_address>0x248</load_address>
         <run_address>0x248</run_address>
         <size>0x27d8</size>
         <input_file_ref idref="fl-8"/>
      </object_component>
      <object_component id="oc-e0">
         <name>.text</name>
         <load_address>0x2a20</load_address>
         <run_address>0x2a20</run_address>
         <size>0x13ac</size>
         <input_file_ref idref="fl-7"/>
      </object_component>
      <object_component id="oc-3e">
         <name>.text</name>
         <load_address>0x3dcc</load_address>
         <run_address>0x3dcc</run_address>
         <size>0x11ac</size>
         <input_file_ref idref="fl-3"/>
      </object_component>
      <object_component id="oc-b8">
         <name>.text</name>
         <load_address>0x4f78</load_address>
         <run_address>0x4f78</run_address>
         <size>0xffc</size>
         <input_file_ref idref="fl-e"/>
      </object_component>
      <object_component id="oc-38b">
         <name>.text:__TI_printfi</name>
         <load_address>0x5f74</load_address>
         <run_address>0x5f74</run_address>
         <size>0xa4e</size>
         <input_file_ref idref="fl-d3"/>
      </object_component>
      <object_component id="oc-373">
         <name>.text</name>
         <load_address>0x69c2</load_address>
         <run_address>0x69c2</run_address>
         <size>0x2</size>
         <input_file_ref idref="fl-d4"/>
      </object_component>
      <object_component id="oc-38">
         <name>.text</name>
         <load_address>0x69c4</load_address>
         <run_address>0x69c4</run_address>
         <size>0x8c8</size>
         <input_file_ref idref="fl-d"/>
      </object_component>
      <object_component id="oc-1c6">
         <name>.text</name>
         <load_address>0x728c</load_address>
         <run_address>0x728c</run_address>
         <size>0x89c</size>
         <input_file_ref idref="fl-9"/>
      </object_component>
      <object_component id="oc-18a">
         <name>.text</name>
         <load_address>0x7b28</load_address>
         <run_address>0x7b28</run_address>
         <size>0x768</size>
         <input_file_ref idref="fl-2"/>
      </object_component>
      <object_component id="oc-be">
         <name>.text</name>
         <load_address>0x8290</load_address>
         <run_address>0x8290</run_address>
         <size>0x5d8</size>
         <input_file_ref idref="fl-5"/>
      </object_component>
      <object_component id="oc-1ab">
         <name>.text</name>
         <load_address>0x8868</load_address>
         <run_address>0x8868</run_address>
         <size>0x460</size>
         <input_file_ref idref="fl-c"/>
      </object_component>
      <object_component id="oc-c4">
         <name>.text</name>
         <load_address>0x8cc8</load_address>
         <run_address>0x8cc8</run_address>
         <size>0x400</size>
         <input_file_ref idref="fl-10"/>
      </object_component>
      <object_component id="oc-f7">
         <name>.text</name>
         <load_address>0x90c8</load_address>
         <run_address>0x90c8</run_address>
         <size>0x350</size>
         <input_file_ref idref="fl-f"/>
      </object_component>
      <object_component id="oc-32">
         <name>.text</name>
         <load_address>0x9418</load_address>
         <run_address>0x9418</run_address>
         <size>0x28c</size>
         <input_file_ref idref="fl-a"/>
      </object_component>
      <object_component id="oc-446">
         <name>.text:_pconv_a</name>
         <load_address>0x96a4</load_address>
         <run_address>0x96a4</run_address>
         <size>0x270</size>
         <input_file_ref idref="fl-d3"/>
      </object_component>
      <object_component id="oc-434">
         <name>.text:_pconv_g</name>
         <load_address>0x9914</load_address>
         <run_address>0x9914</run_address>
         <size>0x1d0</size>
         <input_file_ref idref="fl-d3"/>
      </object_component>
      <object_component id="oc-4b7">
         <name>.text</name>
         <load_address>0x9ae4</load_address>
         <run_address>0x9ae4</run_address>
         <size>0x1b6</size>
         <input_file_ref idref="fl-d5"/>
      </object_component>
      <object_component id="oc-440">
         <name>.text:_pconv_e</name>
         <load_address>0x9c9c</load_address>
         <run_address>0x9c9c</run_address>
         <size>0x13c</size>
         <input_file_ref idref="fl-d3"/>
      </object_component>
      <object_component id="oc-49d">
         <name>.text</name>
         <load_address>0x9dd8</load_address>
         <run_address>0x9dd8</run_address>
         <size>0x136</size>
         <input_file_ref idref="fl-d7"/>
      </object_component>
      <object_component id="oc-1b1">
         <name>.text</name>
         <load_address>0x9f0e</load_address>
         <run_address>0x9f0e</run_address>
         <size>0x12a</size>
         <input_file_ref idref="fl-6"/>
      </object_component>
      <object_component id="oc-4c9">
         <name>.text:fcvt</name>
         <load_address>0xa038</load_address>
         <run_address>0xa038</run_address>
         <size>0x124</size>
         <input_file_ref idref="fl-d3"/>
      </object_component>
      <object_component id="oc-4dd">
         <name>.text:scalbn</name>
         <load_address>0xa15c</load_address>
         <run_address>0xa15c</run_address>
         <size>0x110</size>
         <input_file_ref idref="fl-ea"/>
      </object_component>
      <object_component id="oc-498">
         <name>.text</name>
         <load_address>0xa26c</load_address>
         <run_address>0xa26c</run_address>
         <size>0xfc</size>
         <input_file_ref idref="fl-d8"/>
      </object_component>
      <object_component id="oc-2d">
         <name>.text</name>
         <load_address>0xa368</load_address>
         <run_address>0xa368</run_address>
         <size>0xda</size>
         <input_file_ref idref="fl-b"/>
      </object_component>
      <object_component id="oc-429">
         <name>.text:_ltostr</name>
         <load_address>0xa444</load_address>
         <run_address>0xa444</run_address>
         <size>0xb1</size>
         <input_file_ref idref="fl-d3"/>
      </object_component>
      <object_component id="oc-52">
         <name>.text</name>
         <load_address>0xa4f6</load_address>
         <run_address>0xa4f6</run_address>
         <size>0x9c</size>
         <input_file_ref idref="fl-cb"/>
      </object_component>
      <object_component id="oc-378">
         <name>.text</name>
         <load_address>0xa592</load_address>
         <run_address>0xa592</run_address>
         <size>0x96</size>
         <input_file_ref idref="fl-ce"/>
      </object_component>
      <object_component id="oc-42f">
         <name>.text:__aeabi_cdcmple</name>
         <load_address>0xa628</load_address>
         <run_address>0xa628</run_address>
         <size>0x86</size>
         <input_file_ref idref="fl-d6"/>
      </object_component>
      <object_component id="oc-4a2">
         <name>.text:__aeabi_cdrcmple</name>
         <load_address>0xa6ae</load_address>
         <run_address>0xa6ae</run_address>
         <size>0x86</size>
         <input_file_ref idref="fl-d6"/>
      </object_component>
      <object_component id="oc-f2">
         <name>.text</name>
         <load_address>0xa734</load_address>
         <run_address>0xa734</run_address>
         <size>0x7a</size>
         <input_file_ref idref="fl-cc"/>
      </object_component>
      <object_component id="oc-4c2">
         <name>.text:_mcpy</name>
         <load_address>0xa7ae</load_address>
         <run_address>0xa7ae</run_address>
         <size>0x6e</size>
         <input_file_ref idref="fl-d3"/>
      </object_component>
      <object_component id="oc-203">
         <name>.text</name>
         <load_address>0xa81c</load_address>
         <run_address>0xa81c</run_address>
         <size>0x6e</size>
         <input_file_ref idref="fl-cd"/>
      </object_component>
      <object_component id="oc-15">
         <name>.text:decompress:lzss:__TI_decompress_lzss</name>
         <load_address>0xa88a</load_address>
         <run_address>0xa88a</run_address>
         <size>0x68</size>
         <input_file_ref idref="fl-d1"/>
      </object_component>
      <object_component id="oc-4d7">
         <name>.text:frexp</name>
         <load_address>0xa8f4</load_address>
         <run_address>0xa8f4</run_address>
         <size>0x64</size>
         <input_file_ref idref="fl-e9"/>
      </object_component>
      <object_component id="oc-27">
         <name>.text</name>
         <load_address>0xa958</load_address>
         <run_address>0xa958</run_address>
         <size>0x60</size>
         <input_file_ref idref="fl-4"/>
      </object_component>
      <object_component id="oc-43a">
         <name>.text:_pconv_f</name>
         <load_address>0xa9b8</load_address>
         <run_address>0xa9b8</run_address>
         <size>0x56</size>
         <input_file_ref idref="fl-d3"/>
      </object_component>
      <object_component id="oc-4ac">
         <name>.text:__TI_ltoa</name>
         <load_address>0xaa0e</load_address>
         <run_address>0xaa0e</run_address>
         <size>0x54</size>
         <input_file_ref idref="fl-e0"/>
      </object_component>
      <object_component id="oc-4bc">
         <name>.text:_ecpy</name>
         <load_address>0xaa62</load_address>
         <run_address>0xaa62</run_address>
         <size>0x52</size>
         <input_file_ref idref="fl-d3"/>
      </object_component>
      <object_component id="oc-423">
         <name>.text:atoi</name>
         <load_address>0xaab4</load_address>
         <run_address>0xaab4</run_address>
         <size>0x4c</size>
         <input_file_ref idref="fl-e2"/>
      </object_component>
      <object_component id="oc-299">
         <name>.text:snprintf</name>
         <load_address>0xab00</load_address>
         <run_address>0xab00</run_address>
         <size>0x4c</size>
         <input_file_ref idref="fl-ca"/>
      </object_component>
      <object_component id="oc-4a7">
         <name>.text</name>
         <load_address>0xab4c</load_address>
         <run_address>0xab4c</run_address>
         <size>0x48</size>
         <input_file_ref idref="fl-d9"/>
      </object_component>
      <object_component id="oc-2f3">
         <name>.text:__TI_auto_init_nobinit_nopinit:__TI_auto_init_nobinit_nopinit</name>
         <load_address>0xab94</load_address>
         <run_address>0xab94</run_address>
         <size>0x44</size>
         <input_file_ref idref="fl-db"/>
      </object_component>
      <object_component id="oc-4cf">
         <name>.text:_fcpy</name>
         <load_address>0xabd8</load_address>
         <run_address>0xabd8</run_address>
         <size>0x3e</size>
         <input_file_ref idref="fl-d3"/>
      </object_component>
      <object_component id="oc-70">
         <name>.text:_c_int00_noargs:_c_int00_noargs</name>
         <load_address>0xac18</load_address>
         <run_address>0xac18</run_address>
         <size>0x34</size>
         <input_file_ref idref="fl-d2"/>
      </object_component>
      <object_component id="oc-391">
         <name>.text:_outs</name>
         <load_address>0xac4c</load_address>
         <run_address>0xac4c</run_address>
         <size>0x30</size>
         <input_file_ref idref="fl-ca"/>
      </object_component>
      <object_component id="oc-4b2">
         <name>.text</name>
         <load_address>0xac7c</load_address>
         <run_address>0xac7c</run_address>
         <size>0x2e</size>
         <input_file_ref idref="fl-da"/>
      </object_component>
      <object_component id="oc-44c">
         <name>.text:memccpy</name>
         <load_address>0xacaa</load_address>
         <run_address>0xacaa</run_address>
         <size>0x1c</size>
         <input_file_ref idref="fl-e4"/>
      </object_component>
      <object_component id="oc-52d">
         <name>.text:copysign</name>
         <load_address>0xacc6</load_address>
         <run_address>0xacc6</run_address>
         <size>0x1a</size>
         <input_file_ref idref="fl-eb"/>
      </object_component>
      <object_component id="oc-397">
         <name>.text:_outc</name>
         <load_address>0xace0</load_address>
         <run_address>0xace0</run_address>
         <size>0x18</size>
         <input_file_ref idref="fl-ca"/>
      </object_component>
      <object_component id="oc-4e3">
         <name>.text:strchr</name>
         <load_address>0xacf8</load_address>
         <run_address>0xacf8</run_address>
         <size>0x16</size>
         <input_file_ref idref="fl-e5"/>
      </object_component>
      <object_component id="oc-41d">
         <name>.text:strlen</name>
         <load_address>0xad0e</load_address>
         <run_address>0xad0e</run_address>
         <size>0x14</size>
         <input_file_ref idref="fl-e6"/>
      </object_component>
      <object_component id="oc-452">
         <name>.text:wcslen</name>
         <load_address>0xad22</load_address>
         <run_address>0xad22</run_address>
         <size>0x12</size>
         <input_file_ref idref="fl-e8"/>
      </object_component>
      <object_component id="oc-1b">
         <name>.text:decompress:none:__TI_decompress_none</name>
         <load_address>0xad34</load_address>
         <run_address>0xad34</run_address>
         <size>0xe</size>
         <input_file_ref idref="fl-d0"/>
      </object_component>
      <object_component id="oc-64">
         <name>.text:decompress:ZI:__TI_zero_init</name>
         <load_address>0xad42</load_address>
         <run_address>0xad42</run_address>
         <size>0xc</size>
         <input_file_ref idref="fl-cf"/>
      </object_component>
      <object_component id="oc-458">
         <name>.text:__aeabi_errno_addr</name>
         <load_address>0xad50</load_address>
         <run_address>0xad50</run_address>
         <size>0x8</size>
         <input_file_ref idref="fl-e7"/>
      </object_component>
      <object_component id="oc-184">
         <name>.text:_system_pre_init</name>
         <load_address>0xad58</load_address>
         <run_address>0xad58</run_address>
         <size>0x4</size>
         <input_file_ref idref="fl-dc"/>
      </object_component>
      <object_component id="oc-2e7">
         <name>.text:abort:abort</name>
         <load_address>0xad5c</load_address>
         <run_address>0xad5c</run_address>
         <size>0x4</size>
         <input_file_ref idref="fl-de"/>
      </object_component>
      <object_component id="oc-491">
         <name>.const:.string:_ctypes_</name>
         <load_address>0xad60</load_address>
         <run_address>0xad60</run_address>
         <size>0x101</size>
         <input_file_ref idref="fl-e3"/>
      </object_component>
      <object_component id="oc-ed">
         <name>.const:.string:NL$6</name>
         <load_address>0xae61</load_address>
         <run_address>0xae61</run_address>
         <size>0x3</size>
         <input_file_ref idref="fl-3"/>
      </object_component>
      <object_component id="oc-3ae">
         <name>.const:.string</name>
         <load_address>0xae64</load_address>
         <run_address>0xae64</run_address>
         <size>0x30</size>
         <input_file_ref idref="fl-2"/>
      </object_component>
      <object_component id="oc-23b">
         <name>.const:.string</name>
         <load_address>0xae94</load_address>
         <run_address>0xae94</run_address>
         <size>0x1c</size>
         <input_file_ref idref="fl-3"/>
      </object_component>
      <object_component id="oc-e9">
         <name>.const:.string:HEADER$7</name>
         <load_address>0xaeb0</load_address>
         <run_address>0xaeb0</run_address>
         <size>0x18</size>
         <input_file_ref idref="fl-3"/>
      </object_component>
      <object_component id="oc-29f">
         <name>.const</name>
         <load_address>0xaec8</load_address>
         <run_address>0xaec8</run_address>
         <size>0x18</size>
         <input_file_ref idref="fl-2"/>
      </object_component>
      <object_component id="oc-eb">
         <name>.const:level_str$10</name>
         <load_address>0xaee0</load_address>
         <run_address>0xaee0</run_address>
         <size>0x10</size>
         <input_file_ref idref="fl-3"/>
      </object_component>
      <object_component id="oc-dc">
         <name>.const:$P$T3$4</name>
         <load_address>0xaef0</load_address>
         <run_address>0xaef0</run_address>
         <size>0xc</size>
         <input_file_ref idref="fl-3"/>
      </object_component>
      <object_component id="oc-d3">
         <name>.const:$P$T0$1</name>
         <load_address>0xaefc</load_address>
         <run_address>0xaefc</run_address>
         <size>0xa</size>
         <input_file_ref idref="fl-3"/>
      </object_component>
      <object_component id="oc-d6">
         <name>.const:$P$T1$2</name>
         <load_address>0xaf06</load_address>
         <run_address>0xaf06</run_address>
         <size>0xa</size>
         <input_file_ref idref="fl-3"/>
      </object_component>
      <object_component id="oc-8d">
         <name>.const</name>
         <load_address>0xaf10</load_address>
         <run_address>0xaf10</run_address>
         <size>0x8</size>
         <input_file_ref idref="fl-a"/>
      </object_component>
      <object_component id="oc-ec">
         <name>.const:status_str$11</name>
         <load_address>0xaf18</load_address>
         <run_address>0xaf18</run_address>
         <size>0x8</size>
         <input_file_ref idref="fl-3"/>
      </object_component>
      <object_component id="oc-d9">
         <name>.const:$P$T2$3</name>
         <load_address>0xaf20</load_address>
         <run_address>0xaf20</run_address>
         <size>0x6</size>
         <input_file_ref idref="fl-3"/>
      </object_component>
      <object_component id="oc-ea">
         <name>.const:.string:DRIVER$8</name>
         <load_address>0xaf26</load_address>
         <run_address>0xaf26</run_address>
         <size>0x4</size>
         <input_file_ref idref="fl-3"/>
      </object_component>
      <object_component id="oc-ee">
         <name>.const:.string:PASSENGER$9</name>
         <load_address>0xaf2a</load_address>
         <run_address>0xaf2a</run_address>
         <size>0x4</size>
         <input_file_ref idref="fl-3"/>
      </object_component>
      <object_component id="oc-1cc">
         <name>.const</name>
         <load_address>0xaf30</load_address>
         <run_address>0xaf30</run_address>
         <size>0x4</size>
         <input_file_ref idref="fl-8"/>
      </object_component>
      <object_component id="oc-584">
         <name>.cinit..data.load</name>
         <load_address>0xaf38</load_address>
         <run_address>0xaf38</run_address>
         <size>0x1d</size>
      </object_component>
      <object_component id="oc-582">
         <name>__TI_handler_table</name>
         <load_address>0xaf58</load_address>
         <run_address>0xaf58</run_address>
         <size>0xc</size>
      </object_component>
      <object_component id="oc-585">
         <name>.cinit..bss.load</name>
         <load_address>0xaf68</load_address>
         <run_address>0xaf68</run_address>
         <size>0x8</size>
      </object_component>
      <object_component id="oc-583">
         <name>__TI_cinit_table</name>
         <load_address>0xaf70</load_address>
         <run_address>0xaf70</run_address>
         <size>0x10</size>
      </object_component>
      <object_component id="oc-ca">
         <name>.data</name>
         <load_address>0x20006d90</load_address>
         <run_address>0x20006d90</run_address>
         <size>0x4c</size>
         <input_file_ref idref="fl-3"/>
      </object_component>
      <object_component id="oc-cd">
         <name>.data:driverSeatState</name>
         <load_address>0x20006e40</load_address>
         <run_address>0x20006e40</run_address>
         <size>0x18</size>
         <input_file_ref idref="fl-3"/>
      </object_component>
      <object_component id="oc-d0">
         <name>.data:passengerSeatState</name>
         <load_address>0x20006e58</load_address>
         <run_address>0x20006e58</run_address>
         <size>0x18</size>
         <input_file_ref idref="fl-3"/>
      </object_component>
      <object_component id="oc-e6">
         <name>.data:errorLedState</name>
         <load_address>0x20006ebc</load_address>
         <run_address>0x20006ebc</run_address>
         <size>0x8</size>
         <input_file_ref idref="fl-3"/>
      </object_component>
      <object_component id="oc-df">
         <name>.data:lastTemp$5</name>
         <load_address>0x20006ec4</load_address>
         <run_address>0x20006ec4</run_address>
         <size>0x4</size>
         <input_file_ref idref="fl-3"/>
      </object_component>
      <object_component id="oc-8a">
         <name>.data</name>
         <load_address>0x20006ddc</load_address>
         <run_address>0x20006ddc</run_address>
         <size>0x34</size>
         <input_file_ref idref="fl-8"/>
      </object_component>
      <object_component id="oc-348">
         <name>.data</name>
         <load_address>0x20006eb0</load_address>
         <run_address>0x20006eb0</run_address>
         <size>0xc</size>
         <input_file_ref idref="fl-9"/>
      </object_component>
      <object_component id="oc-97">
         <name>.data</name>
         <load_address>0x20006ea4</load_address>
         <run_address>0x20006ea4</run_address>
         <size>0xc</size>
         <input_file_ref idref="fl-a"/>
      </object_component>
      <object_component id="oc-331">
         <name>.data</name>
         <load_address>0x20006e70</load_address>
         <run_address>0x20006e70</run_address>
         <size>0x14</size>
         <input_file_ref idref="fl-c"/>
      </object_component>
      <object_component id="oc-a6">
         <name>.data:g_ADC0CallBackPtr</name>
         <load_address>0x20006e84</load_address>
         <run_address>0x20006e84</run_address>
         <size>0x10</size>
         <input_file_ref idref="fl-d"/>
      </object_component>
      <object_component id="oc-a9">
         <name>.data:g_ADC1CallBackPtr</name>
         <load_address>0x20006e94</load_address>
         <run_address>0x20006e94</run_address>
         <size>0x10</size>
         <input_file_ref idref="fl-d"/>
      </object_component>
      <object_component id="oc-24e">
         <name>.data:g_callBackPtr</name>
         <load_address>0x20006e10</load_address>
         <run_address>0x20006e10</run_address>
         <size>0x30</size>
         <input_file_ref idref="fl-f"/>
      </object_component>
      <object_component id="oc-4f3">
         <name>.data</name>
         <load_address>0x20006ec8</load_address>
         <run_address>0x20006ec8</run_address>
         <size>0x4</size>
         <input_file_ref idref="fl-e7"/>
      </object_component>
      <object_component id="oc-2a1">
         <name>.bss:xIdleTaskTCB</name>
         <uninitialized>true</uninitialized>
         <run_address>0x2000625c</run_address>
         <size>0x64</size>
         <input_file_ref idref="fl-2"/>
      </object_component>
      <object_component id="oc-2a4">
         <name>.bss:uxIdleTaskStack</name>
         <uninitialized>true</uninitialized>
         <run_address>0x20005e00</run_address>
         <size>0x100</size>
         <input_file_ref idref="fl-2"/>
      </object_component>
      <object_component id="oc-2a7">
         <name>.bss:xTimerTaskTCB</name>
         <uninitialized>true</uninitialized>
         <run_address>0x20006518</run_address>
         <size>0x64</size>
         <input_file_ref idref="fl-2"/>
      </object_component>
      <object_component id="oc-2aa">
         <name>.bss:uxTimerTaskStack</name>
         <uninitialized>true</uninitialized>
         <run_address>0x20005c80</run_address>
         <size>0x180</size>
         <input_file_ref idref="fl-2"/>
      </object_component>
      <object_component id="oc-2d7">
         <name>.bss:xSafetyTaskTCB</name>
         <uninitialized>true</uninitialized>
         <run_address>0x20006450</run_address>
         <size>0x64</size>
         <input_file_ref idref="fl-2"/>
      </object_component>
      <object_component id="oc-2d4">
         <name>.bss:uxSafetyTaskStack</name>
         <uninitialized>true</uninitialized>
         <run_address>0x20004c00</run_address>
         <size>0x300</size>
         <input_file_ref idref="fl-2"/>
      </object_component>
      <object_component id="oc-2dd">
         <name>.bss:xPowerManagementTaskTCB</name>
         <uninitialized>true</uninitialized>
         <run_address>0x20006388</run_address>
         <size>0x64</size>
         <input_file_ref idref="fl-2"/>
      </object_component>
      <object_component id="oc-2da">
         <name>.bss:uxPowerManagementTaskStack</name>
         <uninitialized>true</uninitialized>
         <run_address>0x20005800</run_address>
         <size>0x180</size>
         <input_file_ref idref="fl-2"/>
      </object_component>
      <object_component id="oc-2e3">
         <name>.bss:xDisplayTaskTCB</name>
         <uninitialized>true</uninitialized>
         <run_address>0x20006194</run_address>
         <size>0x64</size>
         <input_file_ref idref="fl-2"/>
      </object_component>
      <object_component id="oc-2e0">
         <name>.bss:uxDisplayTaskStack</name>
         <uninitialized>true</uninitialized>
         <run_address>0x20004000</run_address>
         <size>0x600</size>
         <input_file_ref idref="fl-2"/>
      </object_component>
      <object_component id="oc-2b0">
         <name>.bss:xDriverSeatQueueBuffer</name>
         <uninitialized>true</uninitialized>
         <run_address>0x2000675c</run_address>
         <size>0x50</size>
         <input_file_ref idref="fl-2"/>
      </object_component>
      <object_component id="oc-2ad">
         <name>.bss:ucDriverSeatQueueStorage</name>
         <uninitialized>true</uninitialized>
         <run_address>0x20006b84</run_address>
         <size>0x4</size>
         <input_file_ref idref="fl-2"/>
      </object_component>
      <object_component id="oc-2b6">
         <name>.bss:xPassengerSeatQueueBuffer</name>
         <uninitialized>true</uninitialized>
         <run_address>0x200067fc</run_address>
         <size>0x50</size>
         <input_file_ref idref="fl-2"/>
      </object_component>
      <object_component id="oc-2b3">
         <name>.bss:ucPassengerSeatQueueStorage</name>
         <uninitialized>true</uninitialized>
         <run_address>0x20006b88</run_address>
         <size>0x4</size>
         <input_file_ref idref="fl-2"/>
      </object_component>
      <object_component id="oc-2bc">
         <name>.bss:xDisplayQueueBuffer</name>
         <uninitialized>true</uninitialized>
         <run_address>0x200066bc</run_address>
         <size>0x50</size>
         <input_file_ref idref="fl-2"/>
      </object_component>
      <object_component id="oc-2b9">
         <name>.bss:ucDisplayQueueStorage</name>
         <uninitialized>true</uninitialized>
         <run_address>0x20006b80</run_address>
         <size>0x4</size>
         <input_file_ref idref="fl-2"/>
      </object_component>
      <object_component id="oc-2c2">
         <name>.bss:xDiagnosticQueueBuffer</name>
         <uninitialized>true</uninitialized>
         <run_address>0x200065cc</run_address>
         <size>0x50</size>
         <input_file_ref idref="fl-2"/>
      </object_component>
      <object_component id="oc-2bf">
         <name>.bss:ucDiagnosticQueueStorage</name>
         <uninitialized>true</uninitialized>
         <run_address>0x20006b7c</run_address>
         <size>0x4</size>
         <input_file_ref idref="fl-2"/>
      </object_component>
      <object_component id="oc-2c8">
         <name>.bss:xStatisticsQueueBuffer</name>
         <uninitialized>true</uninitialized>
         <run_address>0x2000693c</run_address>
         <size>0x50</size>
         <input_file_ref idref="fl-2"/>
      </object_component>
      <object_component id="oc-2c5">
         <name>.bss:ucStatisticsQueueStorage</name>
         <uninitialized>true</uninitialized>
         <run_address>0x20006b8c</run_address>
         <size>0x4</size>
         <input_file_ref idref="fl-2"/>
      </object_component>
      <object_component id="oc-2cb">
         <name>.bss:xDisplayMutexBuffer</name>
         <uninitialized>true</uninitialized>
         <run_address>0x2000666c</run_address>
         <size>0x50</size>
         <input_file_ref idref="fl-2"/>
      </object_component>
      <object_component id="oc-2ce">
         <name>.bss:xDiagnosticMutexBuffer</name>
         <uninitialized>true</uninitialized>
         <run_address>0x2000657c</run_address>
         <size>0x50</size>
         <input_file_ref idref="fl-2"/>
      </object_component>
      <object_component id="oc-2d1">
         <name>.bss:xStatisticsMutexBuffer</name>
         <uninitialized>true</uninitialized>
         <run_address>0x200068ec</run_address>
         <size>0x50</size>
         <input_file_ref idref="fl-2"/>
      </object_component>
      <object_component id="oc-2a0">
         <name>.bss:displayBuffer$7</name>
         <uninitialized>true</uninitialized>
         <run_address>0x20006a8c</run_address>
         <size>0x18</size>
         <input_file_ref idref="fl-2"/>
      </object_component>
      <object_component id="oc-fd">
         <name>.bss:ucDriverSeatQueueStorage</name>
         <uninitialized>true</uninitialized>
         <run_address>0x200069dc</run_address>
         <size>0x30</size>
         <input_file_ref idref="fl-3"/>
      </object_component>
      <object_component id="oc-100">
         <name>.bss:xDriverSeatQueueBuffer</name>
         <uninitialized>true</uninitialized>
         <run_address>0x200067ac</run_address>
         <size>0x50</size>
         <input_file_ref idref="fl-3"/>
      </object_component>
      <object_component id="oc-103">
         <name>.bss:ucPassengerSeatQueueStorage</name>
         <uninitialized>true</uninitialized>
         <run_address>0x20006a0c</run_address>
         <size>0x30</size>
         <input_file_ref idref="fl-3"/>
      </object_component>
      <object_component id="oc-106">
         <name>.bss:xPassengerSeatQueueBuffer</name>
         <uninitialized>true</uninitialized>
         <run_address>0x2000684c</run_address>
         <size>0x50</size>
         <input_file_ref idref="fl-3"/>
      </object_component>
      <object_component id="oc-109">
         <name>.bss:ucDisplayQueueStorage</name>
         <uninitialized>true</uninitialized>
         <run_address>0x20006aa4</run_address>
         <size>0x18</size>
         <input_file_ref idref="fl-3"/>
      </object_component>
      <object_component id="oc-10c">
         <name>.bss:xDisplayQueueBuffer</name>
         <uninitialized>true</uninitialized>
         <run_address>0x2000670c</run_address>
         <size>0x50</size>
         <input_file_ref idref="fl-3"/>
      </object_component>
      <object_component id="oc-10f">
         <name>.bss:ucDiagnosticQueueStorage</name>
         <uninitialized>true</uninitialized>
         <run_address>0x20006b48</run_address>
         <size>0x10</size>
         <input_file_ref idref="fl-3"/>
      </object_component>
      <object_component id="oc-112">
         <name>.bss:xDiagnosticQueueBuffer</name>
         <uninitialized>true</uninitialized>
         <run_address>0x2000661c</run_address>
         <size>0x50</size>
         <input_file_ref idref="fl-3"/>
      </object_component>
      <object_component id="oc-115">
         <name>.bss:ucStatisticsQueueStorage</name>
         <uninitialized>true</uninitialized>
         <run_address>0x20006a3c</run_address>
         <size>0x30</size>
         <input_file_ref idref="fl-3"/>
      </object_component>
      <object_component id="oc-118">
         <name>.bss:xStatisticsQueueBuffer</name>
         <uninitialized>true</uninitialized>
         <run_address>0x2000698c</run_address>
         <size>0x50</size>
         <input_file_ref idref="fl-3"/>
      </object_component>
      <object_component id="oc-11b">
         <name>.bss:displayData</name>
         <uninitialized>true</uninitialized>
         <run_address>0x20006b58</run_address>
         <size>0xa</size>
         <input_file_ref idref="fl-3"/>
      </object_component>
      <object_component id="oc-11e">
         <name>.bss:uxDriverSeatTaskStack</name>
         <uninitialized>true</uninitialized>
         <run_address>0x20005400</run_address>
         <size>0x200</size>
         <input_file_ref idref="fl-3"/>
      </object_component>
      <object_component id="oc-121">
         <name>.bss:xDriverSeatTaskBuffer</name>
         <uninitialized>true</uninitialized>
         <run_address>0x200061f8</run_address>
         <size>0x64</size>
         <input_file_ref idref="fl-3"/>
      </object_component>
      <object_component id="oc-124">
         <name>.bss:uxPassengerSeatTaskStack</name>
         <uninitialized>true</uninitialized>
         <run_address>0x20005600</run_address>
         <size>0x200</size>
         <input_file_ref idref="fl-3"/>
      </object_component>
      <object_component id="oc-127">
         <name>.bss:xPassengerSeatTaskBuffer</name>
         <uninitialized>true</uninitialized>
         <run_address>0x200062c0</run_address>
         <size>0x64</size>
         <input_file_ref idref="fl-3"/>
      </object_component>
      <object_component id="oc-12a">
         <name>.bss:uxDisplayTaskStack</name>
         <uninitialized>true</uninitialized>
         <run_address>0x20004600</run_address>
         <size>0x600</size>
         <input_file_ref idref="fl-3"/>
      </object_component>
      <object_component id="oc-12d">
         <name>.bss:xDisplayTaskBuffer</name>
         <uninitialized>true</uninitialized>
         <run_address>0x20006130</run_address>
         <size>0x64</size>
         <input_file_ref idref="fl-3"/>
      </object_component>
      <object_component id="oc-130">
         <name>.bss:uxDiagnosticTaskStack</name>
         <uninitialized>true</uninitialized>
         <run_address>0x20005200</run_address>
         <size>0x200</size>
         <input_file_ref idref="fl-3"/>
      </object_component>
      <object_component id="oc-133">
         <name>.bss:xDiagnosticTaskBuffer</name>
         <uninitialized>true</uninitialized>
         <run_address>0x200060cc</run_address>
         <size>0x64</size>
         <input_file_ref idref="fl-3"/>
      </object_component>
      <object_component id="oc-136">
         <name>.bss:uxStatisticsTaskStack</name>
         <uninitialized>true</uninitialized>
         <run_address>0x20005b00</run_address>
         <size>0x180</size>
         <input_file_ref idref="fl-3"/>
      </object_component>
      <object_component id="oc-139">
         <name>.bss:xStatisticsTaskBuffer</name>
         <uninitialized>true</uninitialized>
         <run_address>0x200064b4</run_address>
         <size>0x64</size>
         <input_file_ref idref="fl-3"/>
      </object_component>
      <object_component id="oc-13c">
         <name>.bss:uxSafetyTaskStack</name>
         <uninitialized>true</uninitialized>
         <run_address>0x20004f00</run_address>
         <size>0x300</size>
         <input_file_ref idref="fl-3"/>
      </object_component>
      <object_component id="oc-13f">
         <name>.bss:xSafetyTaskBuffer</name>
         <uninitialized>true</uninitialized>
         <run_address>0x200063ec</run_address>
         <size>0x64</size>
         <input_file_ref idref="fl-3"/>
      </object_component>
      <object_component id="oc-142">
         <name>.bss:uxPowerManagementTaskStack</name>
         <uninitialized>true</uninitialized>
         <run_address>0x20005980</run_address>
         <size>0x180</size>
         <input_file_ref idref="fl-3"/>
      </object_component>
      <object_component id="oc-145">
         <name>.bss:xPowerManagementTaskBuffer</name>
         <uninitialized>true</uninitialized>
         <run_address>0x20006324</run_address>
         <size>0x64</size>
         <input_file_ref idref="fl-3"/>
      </object_component>
      <object_component id="oc-1b7">
         <name>.bss:pxReadyTasksLists</name>
         <uninitialized>true</uninitialized>
         <run_address>0x20006068</run_address>
         <size>0x64</size>
         <input_file_ref idref="fl-8"/>
      </object_component>
      <object_component id="oc-1cf">
         <name>.bss:xDelayedTaskList1</name>
         <uninitialized>true</uninitialized>
         <run_address>0x20006ae4</run_address>
         <size>0x14</size>
         <input_file_ref idref="fl-8"/>
      </object_component>
      <object_component id="oc-1d2">
         <name>.bss:xDelayedTaskList2</name>
         <uninitialized>true</uninitialized>
         <run_address>0x20006af8</run_address>
         <size>0x14</size>
         <input_file_ref idref="fl-8"/>
      </object_component>
      <object_component id="oc-1bd">
         <name>.bss</name>
         <uninitialized>true</uninitialized>
         <run_address>0x20006b64</run_address>
         <size>0x8</size>
         <input_file_ref idref="fl-8"/>
      </object_component>
      <object_component id="oc-1c3">
         <name>.bss:xPendingReadyList</name>
         <uninitialized>true</uninitialized>
         <run_address>0x20006b0c</run_address>
         <size>0x14</size>
         <input_file_ref idref="fl-8"/>
      </object_component>
      <object_component id="oc-1ba">
         <name>.bss:xTasksWaitingTermination</name>
         <uninitialized>true</uninitialized>
         <run_address>0x20006b34</run_address>
         <size>0x14</size>
         <input_file_ref idref="fl-8"/>
      </object_component>
      <object_component id="oc-1c0">
         <name>.bss:xSuspendedTaskList</name>
         <uninitialized>true</uninitialized>
         <run_address>0x20006b20</run_address>
         <size>0x14</size>
         <input_file_ref idref="fl-8"/>
      </object_component>
      <object_component id="oc-34e">
         <name>.bss:xActiveTimerList1</name>
         <uninitialized>true</uninitialized>
         <run_address>0x20006abc</run_address>
         <size>0x14</size>
         <input_file_ref idref="fl-9"/>
      </object_component>
      <object_component id="oc-351">
         <name>.bss:xActiveTimerList2</name>
         <uninitialized>true</uninitialized>
         <run_address>0x20006ad0</run_address>
         <size>0x14</size>
         <input_file_ref idref="fl-9"/>
      </object_component>
      <object_component id="oc-34b">
         <name>.bss</name>
         <uninitialized>true</uninitialized>
         <run_address>0x20006b6c</run_address>
         <size>0x8</size>
         <input_file_ref idref="fl-9"/>
      </object_component>
      <object_component id="oc-355">
         <name>.bss:xStaticTimerQueue$2</name>
         <uninitialized>true</uninitialized>
         <run_address>0x2000689c</run_address>
         <size>0x50</size>
         <input_file_ref idref="fl-9"/>
      </object_component>
      <object_component id="oc-354">
         <name>.bss:ucStaticTimerQueueStorage$3</name>
         <uninitialized>true</uninitialized>
         <run_address>0x20005fc8</run_address>
         <size>0xa0</size>
         <input_file_ref idref="fl-9"/>
      </object_component>
      <object_component id="oc-337">
         <name>.bss:ucHeap</name>
         <uninitialized>true</uninitialized>
         <run_address>0x20000000</run_address>
         <size>0x4000</size>
         <input_file_ref idref="fl-c"/>
      </object_component>
      <object_component id="oc-334">
         <name>.bss:xStart</name>
         <uninitialized>true</uninitialized>
         <run_address>0x20006b74</run_address>
         <size>0x8</size>
         <input_file_ref idref="fl-c"/>
      </object_component>
      <object_component id="oc-ef">
         <name>.common:diagnosticLog</name>
         <uninitialized>true</uninitialized>
         <run_address>0x20005f00</run_address>
         <size>0xc8</size>
      </object_component>
      <object_component id="oc-227">
         <name>.common:xQueueRegistry</name>
         <uninitialized>true</uninitialized>
         <run_address>0x20006a6c</run_address>
         <size>0x20</size>
      </object_component>
      <object_component id="oc-24">
         <name>.stack</name>
         <uninitialized>true</uninitialized>
         <run_address>0x20006b90</run_address>
         <size>0x4</size>
         <input_file_ref idref="fl-d2"/>
      </object_component>
      <object_component id="oc-587">
         <name>.stack</name>
         <uninitialized>true</uninitialized>
         <run_address>0x20006b90</run_address>
         <size>0x0</size>
      </object_component>
      <object_component id="oc-1ee">
         <name>.debug_info</name>
         <load_address>0x0</load_address>
         <run_address>0x0</run_address>
         <size>0xa60</size>
         <input_file_ref idref="fl-2"/>
      </object_component>
      <object_component id="oc-2a2">
         <name>.debug_info</name>
         <load_address>0xa60</load_address>
         <run_address>0xa60</run_address>
         <size>0xe4</size>
         <input_file_ref idref="fl-2"/>
      </object_component>
      <object_component id="oc-2a5">
         <name>.debug_info</name>
         <load_address>0xb44</load_address>
         <run_address>0xb44</run_address>
         <size>0xea</size>
         <input_file_ref idref="fl-2"/>
      </object_component>
      <object_component id="oc-2a8">
         <name>.debug_info</name>
         <load_address>0xc2e</load_address>
         <run_address>0xc2e</run_address>
         <size>0xe6</size>
         <input_file_ref idref="fl-2"/>
      </object_component>
      <object_component id="oc-2ab">
         <name>.debug_info</name>
         <load_address>0xd14</load_address>
         <run_address>0xd14</run_address>
         <size>0xec</size>
         <input_file_ref idref="fl-2"/>
      </object_component>
      <object_component id="oc-2d8">
         <name>.debug_info</name>
         <load_address>0xe00</load_address>
         <run_address>0xe00</run_address>
         <size>0xe8</size>
         <input_file_ref idref="fl-2"/>
      </object_component>
      <object_component id="oc-2d5">
         <name>.debug_info</name>
         <load_address>0xee8</load_address>
         <run_address>0xee8</run_address>
         <size>0xee</size>
         <input_file_ref idref="fl-2"/>
      </object_component>
      <object_component id="oc-2de">
         <name>.debug_info</name>
         <load_address>0xfd6</load_address>
         <run_address>0xfd6</run_address>
         <size>0xfa</size>
         <input_file_ref idref="fl-2"/>
      </object_component>
      <object_component id="oc-2db">
         <name>.debug_info</name>
         <load_address>0x10d0</load_address>
         <run_address>0x10d0</run_address>
         <size>0x100</size>
         <input_file_ref idref="fl-2"/>
      </object_component>
      <object_component id="oc-2e4">
         <name>.debug_info</name>
         <load_address>0x11d0</load_address>
         <run_address>0x11d0</run_address>
         <size>0xea</size>
         <input_file_ref idref="fl-2"/>
      </object_component>
      <object_component id="oc-2e1">
         <name>.debug_info</name>
         <load_address>0x12ba</load_address>
         <run_address>0x12ba</run_address>
         <size>0xf0</size>
         <input_file_ref idref="fl-2"/>
      </object_component>
      <object_component id="oc-2b1">
         <name>.debug_info</name>
         <load_address>0x13aa</load_address>
         <run_address>0x13aa</run_address>
         <size>0xf8</size>
         <input_file_ref idref="fl-2"/>
      </object_component>
      <object_component id="oc-2ae">
         <name>.debug_info</name>
         <load_address>0x14a2</load_address>
         <run_address>0x14a2</run_address>
         <size>0xfc</size>
         <input_file_ref idref="fl-2"/>
      </object_component>
      <object_component id="oc-2b7">
         <name>.debug_info</name>
         <load_address>0x159e</load_address>
         <run_address>0x159e</run_address>
         <size>0xfe</size>
         <input_file_ref idref="fl-2"/>
      </object_component>
      <object_component id="oc-2b4">
         <name>.debug_info</name>
         <load_address>0x169c</load_address>
         <run_address>0x169c</run_address>
         <size>0x102</size>
         <input_file_ref idref="fl-2"/>
      </object_component>
      <object_component id="oc-2bd">
         <name>.debug_info</name>
         <load_address>0x179e</load_address>
         <run_address>0x179e</run_address>
         <size>0xf2</size>
         <input_file_ref idref="fl-2"/>
      </object_component>
      <object_component id="oc-2ba">
         <name>.debug_info</name>
         <load_address>0x1890</load_address>
         <run_address>0x1890</run_address>
         <size>0xf6</size>
         <input_file_ref idref="fl-2"/>
      </object_component>
      <object_component id="oc-2c3">
         <name>.debug_info</name>
         <load_address>0x1986</load_address>
         <run_address>0x1986</run_address>
         <size>0xf8</size>
         <input_file_ref idref="fl-2"/>
      </object_component>
      <object_component id="oc-2c0">
         <name>.debug_info</name>
         <load_address>0x1a7e</load_address>
         <run_address>0x1a7e</run_address>
         <size>0xfc</size>
         <input_file_ref idref="fl-2"/>
      </object_component>
      <object_component id="oc-2c9">
         <name>.debug_info</name>
         <load_address>0x1b7a</load_address>
         <run_address>0x1b7a</run_address>
         <size>0xf8</size>
         <input_file_ref idref="fl-2"/>
      </object_component>
      <object_component id="oc-2c6">
         <name>.debug_info</name>
         <load_address>0x1c72</load_address>
         <run_address>0x1c72</run_address>
         <size>0xfc</size>
         <input_file_ref idref="fl-2"/>
      </object_component>
      <object_component id="oc-2cc">
         <name>.debug_info</name>
         <load_address>0x1d6e</load_address>
         <run_address>0x1d6e</run_address>
         <size>0xf2</size>
         <input_file_ref idref="fl-2"/>
      </object_component>
      <object_component id="oc-2cf">
         <name>.debug_info</name>
         <load_address>0x1e60</load_address>
         <run_address>0x1e60</run_address>
         <size>0xf8</size>
         <input_file_ref idref="fl-2"/>
      </object_component>
      <object_component id="oc-2d2">
         <name>.debug_info</name>
         <load_address>0x1f58</load_address>
         <run_address>0x1f58</run_address>
         <size>0xf8</size>
         <input_file_ref idref="fl-2"/>
      </object_component>
      <object_component id="oc-18b">
         <name>.debug_info</name>
         <load_address>0x2050</load_address>
         <run_address>0x2050</run_address>
         <size>0xf88</size>
         <input_file_ref idref="fl-2"/>
      </object_component>
      <object_component id="oc-149">
         <name>.debug_info</name>
         <load_address>0x2fd8</load_address>
         <run_address>0x2fd8</run_address>
         <size>0x29b</size>
         <input_file_ref idref="fl-2"/>
      </object_component>
      <object_component id="oc-14e">
         <name>.debug_info</name>
         <load_address>0x3273</load_address>
         <run_address>0x3273</run_address>
         <size>0x241</size>
         <input_file_ref idref="fl-2"/>
      </object_component>
      <object_component id="oc-153">
         <name>.debug_info</name>
         <load_address>0x34b4</load_address>
         <run_address>0x34b4</run_address>
         <size>0x1a3</size>
         <input_file_ref idref="fl-2"/>
      </object_component>
      <object_component id="oc-248">
         <name>.debug_info</name>
         <load_address>0x3657</load_address>
         <run_address>0x3657</run_address>
         <size>0x18c</size>
         <input_file_ref idref="fl-2"/>
      </object_component>
      <object_component id="oc-1df">
         <name>.debug_info</name>
         <load_address>0x37e3</load_address>
         <run_address>0x37e3</run_address>
         <size>0x315</size>
         <input_file_ref idref="fl-2"/>
      </object_component>
      <object_component id="oc-158">
         <name>.debug_info</name>
         <load_address>0x3af8</load_address>
         <run_address>0x3af8</run_address>
         <size>0x293</size>
         <input_file_ref idref="fl-2"/>
      </object_component>
      <object_component id="oc-169">
         <name>.debug_info</name>
         <load_address>0x3d8b</load_address>
         <run_address>0x3d8b</run_address>
         <size>0x26b</size>
         <input_file_ref idref="fl-2"/>
      </object_component>
      <object_component id="oc-1e9">
         <name>.debug_info</name>
         <load_address>0x3ff6</load_address>
         <run_address>0x3ff6</run_address>
         <size>0x4b5</size>
         <input_file_ref idref="fl-2"/>
      </object_component>
      <object_component id="oc-162">
         <name>.debug_info</name>
         <load_address>0x44ab</load_address>
         <run_address>0x44ab</run_address>
         <size>0x42</size>
         <input_file_ref idref="fl-2"/>
      </object_component>
      <object_component id="oc-211">
         <name>.debug_info</name>
         <load_address>0x44ed</load_address>
         <run_address>0x44ed</run_address>
         <size>0x4f</size>
         <input_file_ref idref="fl-2"/>
      </object_component>
      <object_component id="oc-216">
         <name>.debug_info</name>
         <load_address>0x453c</load_address>
         <run_address>0x453c</run_address>
         <size>0x2c</size>
         <input_file_ref idref="fl-2"/>
      </object_component>
      <object_component id="oc-4d">
         <name>.debug_info</name>
         <load_address>0x4568</load_address>
         <run_address>0x4568</run_address>
         <size>0x84</size>
         <input_file_ref idref="fl-2"/>
      </object_component>
      <object_component id="oc-9c">
         <name>.debug_info</name>
         <load_address>0x45ec</load_address>
         <run_address>0x45ec</run_address>
         <size>0x2c</size>
         <input_file_ref idref="fl-2"/>
      </object_component>
      <object_component id="oc-23e">
         <name>.debug_info</name>
         <load_address>0x4618</load_address>
         <run_address>0x4618</run_address>
         <size>0x4f</size>
         <input_file_ref idref="fl-2"/>
      </object_component>
      <object_component id="oc-19c">
         <name>.debug_info</name>
         <load_address>0x4667</load_address>
         <run_address>0x4667</run_address>
         <size>0x2a4</size>
         <input_file_ref idref="fl-2"/>
      </object_component>
      <object_component id="oc-85">
         <name>.debug_info</name>
         <load_address>0x490b</load_address>
         <run_address>0x490b</run_address>
         <size>0xbb</size>
         <input_file_ref idref="fl-2"/>
      </object_component>
      <object_component id="oc-b3">
         <name>.debug_info</name>
         <load_address>0x49c6</load_address>
         <run_address>0x49c6</run_address>
         <size>0xae</size>
         <input_file_ref idref="fl-2"/>
      </object_component>
      <object_component id="oc-1da">
         <name>.debug_info</name>
         <load_address>0x4a74</load_address>
         <run_address>0x4a74</run_address>
         <size>0x53</size>
         <input_file_ref idref="fl-2"/>
      </object_component>
      <object_component id="oc-a1">
         <name>.debug_info</name>
         <load_address>0x4ac7</load_address>
         <run_address>0x4ac7</run_address>
         <size>0x53</size>
         <input_file_ref idref="fl-2"/>
      </object_component>
      <object_component id="oc-3a9">
         <name>.debug_info</name>
         <load_address>0x4b1a</load_address>
         <run_address>0x4b1a</run_address>
         <size>0x2c</size>
         <input_file_ref idref="fl-2"/>
      </object_component>
      <object_component id="oc-1e4">
         <name>.debug_info</name>
         <load_address>0x4b46</load_address>
         <run_address>0x4b46</run_address>
         <size>0x14c</size>
         <input_file_ref idref="fl-2"/>
      </object_component>
      <object_component id="oc-f0">
         <name>.debug_info</name>
         <load_address>0x4c92</load_address>
         <run_address>0x4c92</run_address>
         <size>0xa45</size>
         <input_file_ref idref="fl-3"/>
      </object_component>
      <object_component id="oc-cb">
         <name>.debug_info</name>
         <load_address>0x56d7</load_address>
         <run_address>0x56d7</run_address>
         <size>0x4ce</size>
         <input_file_ref idref="fl-3"/>
      </object_component>
      <object_component id="oc-fe">
         <name>.debug_info</name>
         <load_address>0x5ba5</load_address>
         <run_address>0x5ba5</run_address>
         <size>0x103</size>
         <input_file_ref idref="fl-3"/>
      </object_component>
      <object_component id="oc-101">
         <name>.debug_info</name>
         <load_address>0x5ca8</load_address>
         <run_address>0x5ca8</run_address>
         <size>0xff</size>
         <input_file_ref idref="fl-3"/>
      </object_component>
      <object_component id="oc-104">
         <name>.debug_info</name>
         <load_address>0x5da7</load_address>
         <run_address>0x5da7</run_address>
         <size>0x109</size>
         <input_file_ref idref="fl-3"/>
      </object_component>
      <object_component id="oc-107">
         <name>.debug_info</name>
         <load_address>0x5eb0</load_address>
         <run_address>0x5eb0</run_address>
         <size>0x105</size>
         <input_file_ref idref="fl-3"/>
      </object_component>
      <object_component id="oc-10a">
         <name>.debug_info</name>
         <load_address>0x5fb5</load_address>
         <run_address>0x5fb5</run_address>
         <size>0xfd</size>
         <input_file_ref idref="fl-3"/>
      </object_component>
      <object_component id="oc-10d">
         <name>.debug_info</name>
         <load_address>0x60b2</load_address>
         <run_address>0x60b2</run_address>
         <size>0xf9</size>
         <input_file_ref idref="fl-3"/>
      </object_component>
      <object_component id="oc-110">
         <name>.debug_info</name>
         <load_address>0x61ab</load_address>
         <run_address>0x61ab</run_address>
         <size>0x103</size>
         <input_file_ref idref="fl-3"/>
      </object_component>
      <object_component id="oc-113">
         <name>.debug_info</name>
         <load_address>0x62ae</load_address>
         <run_address>0x62ae</run_address>
         <size>0xff</size>
         <input_file_ref idref="fl-3"/>
      </object_component>
      <object_component id="oc-116">
         <name>.debug_info</name>
         <load_address>0x63ad</load_address>
         <run_address>0x63ad</run_address>
         <size>0x103</size>
         <input_file_ref idref="fl-3"/>
      </object_component>
      <object_component id="oc-119">
         <name>.debug_info</name>
         <load_address>0x64b0</load_address>
         <run_address>0x64b0</run_address>
         <size>0xff</size>
         <input_file_ref idref="fl-3"/>
      </object_component>
      <object_component id="oc-ce">
         <name>.debug_info</name>
         <load_address>0x65af</load_address>
         <run_address>0x65af</run_address>
         <size>0xf2</size>
         <input_file_ref idref="fl-3"/>
      </object_component>
      <object_component id="oc-d1">
         <name>.debug_info</name>
         <load_address>0x66a1</load_address>
         <run_address>0x66a1</run_address>
         <size>0xf8</size>
         <input_file_ref idref="fl-3"/>
      </object_component>
      <object_component id="oc-11c">
         <name>.debug_info</name>
         <load_address>0x6799</load_address>
         <run_address>0x6799</run_address>
         <size>0xe9</size>
         <input_file_ref idref="fl-3"/>
      </object_component>
      <object_component id="oc-e7">
         <name>.debug_info</name>
         <load_address>0x6882</load_address>
         <run_address>0x6882</run_address>
         <size>0xed</size>
         <input_file_ref idref="fl-3"/>
      </object_component>
      <object_component id="oc-11f">
         <name>.debug_info</name>
         <load_address>0x696f</load_address>
         <run_address>0x696f</run_address>
         <size>0xfe</size>
         <input_file_ref idref="fl-3"/>
      </object_component>
      <object_component id="oc-122">
         <name>.debug_info</name>
         <load_address>0x6a6d</load_address>
         <run_address>0x6a6d</run_address>
         <size>0xfe</size>
         <input_file_ref idref="fl-3"/>
      </object_component>
      <object_component id="oc-125">
         <name>.debug_info</name>
         <load_address>0x6b6b</load_address>
         <run_address>0x6b6b</run_address>
         <size>0x104</size>
         <input_file_ref idref="fl-3"/>
      </object_component>
      <object_component id="oc-128">
         <name>.debug_info</name>
         <load_address>0x6c6f</load_address>
         <run_address>0x6c6f</run_address>
         <size>0x104</size>
         <input_file_ref idref="fl-3"/>
      </object_component>
      <object_component id="oc-12b">
         <name>.debug_info</name>
         <load_address>0x6d73</load_address>
         <run_address>0x6d73</run_address>
         <size>0xf8</size>
         <input_file_ref idref="fl-3"/>
      </object_component>
      <object_component id="oc-12e">
         <name>.debug_info</name>
         <load_address>0x6e6b</load_address>
         <run_address>0x6e6b</run_address>
         <size>0xf8</size>
         <input_file_ref idref="fl-3"/>
      </object_component>
      <object_component id="oc-131">
         <name>.debug_info</name>
         <load_address>0x6f63</load_address>
         <run_address>0x6f63</run_address>
         <size>0xfe</size>
         <input_file_ref idref="fl-3"/>
      </object_component>
      <object_component id="oc-134">
         <name>.debug_info</name>
         <load_address>0x7061</load_address>
         <run_address>0x7061</run_address>
         <size>0xfe</size>
         <input_file_ref idref="fl-3"/>
      </object_component>
      <object_component id="oc-137">
         <name>.debug_info</name>
         <load_address>0x715f</load_address>
         <run_address>0x715f</run_address>
         <size>0xfe</size>
         <input_file_ref idref="fl-3"/>
      </object_component>
      <object_component id="oc-13a">
         <name>.debug_info</name>
         <load_address>0x725d</load_address>
         <run_address>0x725d</run_address>
         <size>0xfe</size>
         <input_file_ref idref="fl-3"/>
      </object_component>
      <object_component id="oc-13d">
         <name>.debug_info</name>
         <load_address>0x735b</load_address>
         <run_address>0x735b</run_address>
         <size>0xf6</size>
         <input_file_ref idref="fl-3"/>
      </object_component>
      <object_component id="oc-140">
         <name>.debug_info</name>
         <load_address>0x7451</load_address>
         <run_address>0x7451</run_address>
         <size>0xf6</size>
         <input_file_ref idref="fl-3"/>
      </object_component>
      <object_component id="oc-143">
         <name>.debug_info</name>
         <load_address>0x7547</load_address>
         <run_address>0x7547</run_address>
         <size>0x108</size>
         <input_file_ref idref="fl-3"/>
      </object_component>
      <object_component id="oc-146">
         <name>.debug_info</name>
         <load_address>0x764f</load_address>
         <run_address>0x764f</run_address>
         <size>0x108</size>
         <input_file_ref idref="fl-3"/>
      </object_component>
      <object_component id="oc-d4">
         <name>.debug_info</name>
         <load_address>0x7757</load_address>
         <run_address>0x7757</run_address>
         <size>0xe1</size>
         <input_file_ref idref="fl-3"/>
      </object_component>
      <object_component id="oc-d7">
         <name>.debug_info</name>
         <load_address>0x7838</load_address>
         <run_address>0x7838</run_address>
         <size>0xe1</size>
         <input_file_ref idref="fl-3"/>
      </object_component>
      <object_component id="oc-da">
         <name>.debug_info</name>
         <load_address>0x7919</load_address>
         <run_address>0x7919</run_address>
         <size>0xe2</size>
         <input_file_ref idref="fl-3"/>
      </object_component>
      <object_component id="oc-dd">
         <name>.debug_info</name>
         <load_address>0x79fb</load_address>
         <run_address>0x79fb</run_address>
         <size>0xe2</size>
         <input_file_ref idref="fl-3"/>
      </object_component>
      <object_component id="oc-3f">
         <name>.debug_info</name>
         <load_address>0x7add</load_address>
         <run_address>0x7add</run_address>
         <size>0x248c</size>
         <input_file_ref idref="fl-3"/>
      </object_component>
      <object_component id="oc-237">
         <name>.debug_info</name>
         <load_address>0x9f69</load_address>
         <run_address>0x9f69</run_address>
         <size>0x123</size>
         <input_file_ref idref="fl-3"/>
      </object_component>
      <object_component id="oc-15d">
         <name>.debug_info</name>
         <load_address>0xa08c</load_address>
         <run_address>0xa08c</run_address>
         <size>0x8b</size>
         <input_file_ref idref="fl-3"/>
      </object_component>
      <object_component id="oc-243">
         <name>.debug_info</name>
         <load_address>0xa117</load_address>
         <run_address>0xa117</run_address>
         <size>0x35</size>
         <input_file_ref idref="fl-3"/>
      </object_component>
      <object_component id="oc-46">
         <name>.debug_info</name>
         <load_address>0xa14c</load_address>
         <run_address>0xa14c</run_address>
         <size>0x42d</size>
         <input_file_ref idref="fl-4"/>
      </object_component>
      <object_component id="oc-13">
         <name>.debug_info</name>
         <load_address>0xa579</load_address>
         <run_address>0xa579</run_address>
         <size>0xf9</size>
         <input_file_ref idref="fl-4"/>
      </object_component>
      <object_component id="oc-2b">
         <name>.debug_info</name>
         <load_address>0xa672</load_address>
         <run_address>0xa672</run_address>
         <size>0x36a</size>
         <input_file_ref idref="fl-4"/>
      </object_component>
      <object_component id="oc-20a">
         <name>.debug_info</name>
         <load_address>0xa9dc</load_address>
         <run_address>0xa9dc</run_address>
         <size>0x1a3</size>
         <input_file_ref idref="fl-4"/>
      </object_component>
      <object_component id="oc-202">
         <name>.debug_info</name>
         <load_address>0xab7f</load_address>
         <run_address>0xab7f</run_address>
         <size>0x705</size>
         <input_file_ref idref="fl-5"/>
      </object_component>
      <object_component id="oc-c0">
         <name>.debug_info</name>
         <load_address>0xb284</load_address>
         <run_address>0xb284</run_address>
         <size>0x1a4c</size>
         <input_file_ref idref="fl-5"/>
      </object_component>
      <object_component id="oc-230">
         <name>.debug_info</name>
         <load_address>0xccd0</load_address>
         <run_address>0xccd0</run_address>
         <size>0x110</size>
         <input_file_ref idref="fl-5"/>
      </object_component>
      <object_component id="oc-32c">
         <name>.debug_info</name>
         <load_address>0xcde0</load_address>
         <run_address>0xcde0</run_address>
         <size>0x4b5</size>
         <input_file_ref idref="fl-5"/>
      </object_component>
      <object_component id="oc-36e">
         <name>.debug_info</name>
         <load_address>0xd295</load_address>
         <run_address>0xd295</run_address>
         <size>0x8a</size>
         <input_file_ref idref="fl-5"/>
      </object_component>
      <object_component id="oc-1fd">
         <name>.debug_info</name>
         <load_address>0xd31f</load_address>
         <run_address>0xd31f</run_address>
         <size>0x39</size>
         <input_file_ref idref="fl-5"/>
      </object_component>
      <object_component id="oc-40a">
         <name>.debug_info</name>
         <load_address>0xd358</load_address>
         <run_address>0xd358</run_address>
         <size>0x109</size>
         <input_file_ref idref="fl-5"/>
      </object_component>
      <object_component id="oc-33d">
         <name>.debug_info</name>
         <load_address>0xd461</load_address>
         <run_address>0xd461</run_address>
         <size>0x392</size>
         <input_file_ref idref="fl-6"/>
      </object_component>
      <object_component id="oc-1b2">
         <name>.debug_info</name>
         <load_address>0xd7f3</load_address>
         <run_address>0xd7f3</run_address>
         <size>0x502</size>
         <input_file_ref idref="fl-6"/>
      </object_component>
      <object_component id="oc-228">
         <name>.debug_info</name>
         <load_address>0xdcf5</load_address>
         <run_address>0xdcf5</run_address>
         <size>0x983</size>
         <input_file_ref idref="fl-7"/>
      </object_component>
      <object_component id="oc-e3">
         <name>.debug_info</name>
         <load_address>0xe678</load_address>
         <run_address>0xe678</run_address>
         <size>0x405d</size>
         <input_file_ref idref="fl-7"/>
      </object_component>
      <object_component id="oc-382">
         <name>.debug_info</name>
         <load_address>0x126d5</load_address>
         <run_address>0x126d5</run_address>
         <size>0x253</size>
         <input_file_ref idref="fl-7"/>
      </object_component>
      <object_component id="oc-22b">
         <name>.debug_info</name>
         <load_address>0x12928</load_address>
         <run_address>0x12928</run_address>
         <size>0x46</size>
         <input_file_ref idref="fl-7"/>
      </object_component>
      <object_component id="oc-1a3">
         <name>.debug_info</name>
         <load_address>0x1296e</load_address>
         <run_address>0x1296e</run_address>
         <size>0x8df</size>
         <input_file_ref idref="fl-8"/>
      </object_component>
      <object_component id="oc-8b">
         <name>.debug_info</name>
         <load_address>0x1324d</load_address>
         <run_address>0x1324d</run_address>
         <size>0x357</size>
         <input_file_ref idref="fl-8"/>
      </object_component>
      <object_component id="oc-1b8">
         <name>.debug_info</name>
         <load_address>0x135a4</load_address>
         <run_address>0x135a4</run_address>
         <size>0x100</size>
         <input_file_ref idref="fl-8"/>
      </object_component>
      <object_component id="oc-1d0">
         <name>.debug_info</name>
         <load_address>0x136a4</load_address>
         <run_address>0x136a4</run_address>
         <size>0x100</size>
         <input_file_ref idref="fl-8"/>
      </object_component>
      <object_component id="oc-1d3">
         <name>.debug_info</name>
         <load_address>0x137a4</load_address>
         <run_address>0x137a4</run_address>
         <size>0x100</size>
         <input_file_ref idref="fl-8"/>
      </object_component>
      <object_component id="oc-1be">
         <name>.debug_info</name>
         <load_address>0x138a4</load_address>
         <run_address>0x138a4</run_address>
         <size>0x143</size>
         <input_file_ref idref="fl-8"/>
      </object_component>
[...]
      </symbol>
      <symbol id="sm-add">
         <name>vPortExitCritical</name>
         <value>0x959f</value>
         <object_component_ref idref="oc-32"/>
      </symbol>
      <symbol id="sm-ade">
         <name>xPortStartScheduler</name>
         <value>0x94a5</value>
         <object_component_ref idref="oc-32"/>
      </symbol>
      <symbol id="sm-adf">
         <name>vPortEnterCritical</name>
         <value>0x955d</value>
         <object_component_ref idref="oc-32"/>
      </symbol>
      <symbol id="sm-aee">
         <name>vPortStartFirstTask</name>
         <value>0xa411</value>
         <object_component_ref idref="oc-2d"/>
      </symbol>
      <symbol id="sm-aef">
         <name>ulPortGetIPSR</name>
         <value>0xa379</value>
         <object_component_ref idref="oc-2d"/>
      </symbol>
      <symbol id="sm-af0">
         <name>vPortEnableVFP</name>
         <value>0xa435</value>
         <object_component_ref idref="oc-2d"/>
      </symbol>
      <symbol id="sm-af1">
         <name>xPortPendSVHandler</name>
         <value>0xa391</value>
         <object_component_ref idref="oc-2d"/>
      </symbol>
      <symbol id="sm-af2">
         <name>vPortSVCHandler</name>
         <value>0xa3f1</value>
         <object_component_ref idref="oc-2d"/>
      </symbol>
      <symbol id="sm-b63">
         <name>vPortInitialiseBlocks</name>
         <value>0x8a6d</value>
         <object_component_ref idref="oc-1ab"/>
      </symbol>
      <symbol id="sm-b64">
         <name>vPortGetHeapStats</name>
         <value>0x8c01</value>
         <object_component_ref idref="oc-1ab"/>
      </symbol>
      <symbol id="sm-b65">
         <name>xPortGetFreeHeapSize</name>
         <value>0x8a61</value>
         <object_component_ref idref="oc-1ab"/>
      </symbol>
      <symbol id="sm-b66">
         <name>pvPortCalloc</name>
         <value>0x8a6f</value>
         <object_component_ref idref="oc-1ab"/>
      </symbol>
      <symbol id="sm-b67">
         <name>pvPortMalloc</name>
         <value>0x8869</value>
         <object_component_ref idref="oc-1ab"/>
      </symbol>
      <symbol id="sm-b68">
         <name>vPortFree</name>
         <value>0x89c5</value>
         <object_component_ref idref="oc-1ab"/>
      </symbol>
      <symbol id="sm-b69">
         <name>xPortGetMinimumEverFreeHeapSize</name>
         <value>0x8a67</value>
         <object_component_ref idref="oc-1ab"/>
      </symbol>
      <symbol id="sm-c3f">
         <name>ADC_IsConversionComplete</name>
         <value>0x7091</value>
         <object_component_ref idref="oc-38"/>
      </symbol>
      <symbol id="sm-c40">
         <name>ADC0Seq0_Handler</name>
         <value>0x7139</value>
         <object_component_ref idref="oc-38"/>
      </symbol>
      <symbol id="sm-c41">
         <name>ADC_SetCallBack</name>
         <value>0x7049</value>
         <object_component_ref idref="oc-38"/>
      </symbol>
      <symbol id="sm-c42">
         <name>ADC_Init</name>
         <value>0x6c11</value>
         <object_component_ref idref="oc-38"/>
      </symbol>
      <symbol id="sm-c43">
         <name>ADC_StartConversion</name>
         <value>0x6f35</value>
         <object_component_ref idref="oc-38"/>
      </symbol>
      <symbol id="sm-c44">
         <name>ADC1Seq2_Handler</name>
         <value>0x71ff</value>
         <object_component_ref idref="oc-38"/>
      </symbol>
      <symbol id="sm-c45">
         <name>ADC0Seq3_Handler</name>
         <value>0x71a5</value>
         <object_component_ref idref="oc-38"/>
      </symbol>
      <symbol id="sm-c46">
         <name>ADC1Seq0_Handler</name>
         <value>0x71c5</value>
         <object_component_ref idref="oc-38"/>
      </symbol>
      <symbol id="sm-c47">
         <name>ADC0Seq1_Handler</name>
         <value>0x7171</value>
         <object_component_ref idref="oc-38"/>
      </symbol>
      <symbol id="sm-c48">
         <name>ADC_ReadResult</name>
         <value>0x6f99</value>
         <object_component_ref idref="oc-38"/>
      </symbol>
      <symbol id="sm-c49">
         <name>ADC_ClearInterruptFlag</name>
         <value>0x70ef</value>
         <object_component_ref idref="oc-38"/>
      </symbol>
      <symbol id="sm-c4a">
         <name>ADC1Seq3_Handler</name>
         <value>0x7219</value>
         <object_component_ref idref="oc-38"/>
      </symbol>
      <symbol id="sm-c4b">
         <name>ADC1Seq1_Handler</name>
         <value>0x71e5</value>
         <object_component_ref idref="oc-38"/>
      </symbol>
      <symbol id="sm-c4c">
         <name>ADC0Seq2_Handler</name>
         <value>0x718d</value>
         <object_component_ref idref="oc-38"/>
      </symbol>
      <symbol id="sm-e00">
         <name>GPIO_ReadPort</name>
         <value>0x5b35</value>
         <object_component_ref idref="oc-b8"/>
      </symbol>
      <symbol id="sm-e01">
         <name>GPIO_ClearInterrupt</name>
         <value>0x5d59</value>
         <object_component_ref idref="oc-b8"/>
      </symbol>
      <symbol id="sm-e02">
         <name>GPIO_DisableInterrupt</name>
         <value>0x5ccb</value>
         <object_component_ref idref="oc-b8"/>
      </symbol>
      <symbol id="sm-e03">
         <name>GPIO_BlueLedToggle</name>
         <value>0x5efb</value>
         <object_component_ref idref="oc-b8"/>
      </symbol>
      <symbol id="sm-e04">
         <name>GPIO_WritePort</name>
         <value>0x5ac5</value>
         <object_component_ref idref="oc-b8"/>
      </symbol>
      <symbol id="sm-e05">
         <name>GPIO_GetInterruptStatus</name>
         <value>0x5dd1</value>
         <object_component_ref idref="oc-b8"/>
      </symbol>
      <symbol id="sm-e06">
         <name>GPIO_EnableInterrupt</name>
         <value>0x5c41</value>
         <object_component_ref idref="oc-b8"/>
      </symbol>
      <symbol id="sm-e07">
         <name>GPIO_WritePin</name>
         <value>0x58c1</value>
         <object_component_ref idref="oc-b8"/>
      </symbol>
      <symbol id="sm-e08">
         <name>GPIO_BuiltinButtonsLedsInit</name>
         <value>0x5ea5</value>
         <object_component_ref idref="oc-b8"/>
      </symbol>
      <symbol id="sm-e09">
         <name>GPIO_Init</name>
         <value>0x4f91</value>
         <object_component_ref idref="oc-b8"/>
      </symbol>
      <symbol id="sm-e0a">
         <name>GPIO_ReadPin</name>
         <value>0x59e5</value>
         <object_component_ref idref="oc-b8"/>
      </symbol>
      <symbol id="sm-e0b">
         <name>GPIO_RedLedToggle</name>
         <value>0x5ee3</value>
         <object_component_ref idref="oc-b8"/>
      </symbol>
      <symbol id="sm-e0c">
         <name>GPIO_TogglePin</name>
         <value>0x5ba9</value>
         <object_component_ref idref="oc-b8"/>
      </symbol>
      <symbol id="sm-e0d">
         <name>GPIO_GreenLedToggle</name>
         <value>0x5eef</value>
         <object_component_ref idref="oc-b8"/>
      </symbol>
      <symbol id="sm-e6d">
         <name>GPTM_StartTimer</name>
         <value>0x9243</value>
         <object_component_ref idref="oc-f7"/>
      </symbol>
      <symbol id="sm-e6e">
         <name>GPTM_Delay1ms</name>
         <value>0x932d</value>
         <object_component_ref idref="oc-f7"/>
      </symbol>
      <symbol id="sm-e6f">
         <name>GPTM_SetCallBack</name>
         <value>0x92db</value>
         <object_component_ref idref="oc-f7"/>
      </symbol>
      <symbol id="sm-e70">
         <name>GPTM_Init</name>
         <value>0x912d</value>
         <object_component_ref idref="oc-f7"/>
      </symbol>
      <symbol id="sm-e71">
         <name>GPTM_ReadTimer</name>
         <value>0x92ab</value>
         <object_component_ref idref="oc-f7"/>
      </symbol>
      <symbol id="sm-e72">
         <name>WTimer0A_Handler</name>
         <value>0x9397</value>
         <object_component_ref idref="oc-f7"/>
      </symbol>
      <symbol id="sm-e73">
         <name>GPTM_ClearInterruptFlag</name>
         <value>0x9301</value>
         <object_component_ref idref="oc-f7"/>
      </symbol>
      <symbol id="sm-e74">
         <name>GPTM_StopTimer</name>
         <value>0x9277</value>
         <object_component_ref idref="oc-f7"/>
      </symbol>
      <symbol id="sm-e75">
         <name>TIMER0A_Handler</name>
         <value>0x9381</value>
         <object_component_ref idref="oc-f7"/>
      </symbol>
      <symbol id="sm-ecc">
         <name>UART_EnableInterrupt</name>
         <value>0x8f9f</value>
         <object_component_ref idref="oc-c4"/>
      </symbol>
      <symbol id="sm-ecd">
         <name>UART_IsReceiveFull</name>
         <value>0x9077</value>
         <object_component_ref idref="oc-c4"/>
      </symbol>
      <symbol id="sm-ece">
         <name>UART_IsFIFOEmpty</name>
         <value>0x8f85</value>
         <object_component_ref idref="oc-c4"/>
      </symbol>
      <symbol id="sm-ecf">
         <name>UART_IsTransmitEmpty</name>
         <value>0x905d</value>
         <object_component_ref idref="oc-c4"/>
      </symbol>
      <symbol id="sm-ed0">
         <name>UART_IsBusy</name>
         <value>0x9039</value>
         <object_component_ref idref="oc-c4"/>
      </symbol>
      <symbol id="sm-ed1">
         <name>UART_ClearInterrupt</name>
         <value>0x8fcb</value>
         <object_component_ref idref="oc-c4"/>
      </symbol>
      <symbol id="sm-ed2">
         <name>UART_EnableFIFO</name>
         <value>0x8f1b</value>
         <object_component_ref idref="oc-c4"/>
      </symbol>
      <symbol id="sm-ed3">
         <name>UART_SendByte</name>
         <value>0x8df9</value>
         <object_component_ref idref="oc-c4"/>
      </symbol>
      <symbol id="sm-ed4">
         <name>UART_IsFIFOFull</name>
         <value>0x8f6b</value>
         <object_component_ref idref="oc-c4"/>
      </symbol>
      <symbol id="sm-ed5">
         <name>UART_GetInterruptStatus</name>
         <value>0x8fdd</value>
         <object_component_ref idref="oc-c4"/>
      </symbol>
      <symbol id="sm-ed6">
         <name>UART_DisableFIFO</name>
         <value>0x8f31</value>
         <object_component_ref idref="oc-c4"/>
      </symbol>
      <symbol id="sm-ed7">
         <name>UART_SetFIFOThreshold</name>
         <value>0x8f47</value>
         <object_component_ref idref="oc-c4"/>
      </symbol>
      <symbol id="sm-ed8">
         <name>UART_ClearError</name>
         <value>0x901d</value>
         <object_component_ref idref="oc-c4"/>
      </symbol>
      <symbol id="sm-ed9">
         <name>UART_SendInteger</name>
         <value>0x8e6d</value>
         <object_component_ref idref="oc-c4"/>
      </symbol>
      <symbol id="sm-eda">
         <name>UART_SendString</name>
         <value>0x8e3f</value>
         <object_component_ref idref="oc-c4"/>
      </symbol>
      <symbol id="sm-edb">
         <name>UART_GetErrorStatus</name>
         <value>0x8ff7</value>
         <object_component_ref idref="oc-c4"/>
      </symbol>
      <symbol id="sm-edc">
         <name>UART_ReceiveByte</name>
         <value>0x8e19</value>
         <object_component_ref idref="oc-c4"/>
      </symbol>
      <symbol id="sm-edd">
         <name>UART_Init</name>
         <value>0x8d51</value>
         <object_component_ref idref="oc-c4"/>
      </symbol>
      <symbol id="sm-ede">
         <name>UART_DisableInterrupt</name>
         <value>0x8fb5</value>
         <object_component_ref idref="oc-c4"/>
      </symbol>
      <symbol id="sm-f0d">
         <name>snprintf</name>
         <value>0xab01</value>
         <object_component_ref idref="oc-299"/>
      </symbol>
      <symbol id="sm-f28">
         <name>memcpy</name>
         <value>0xa4f7</value>
         <object_component_ref idref="oc-52"/>
      </symbol>
      <symbol id="sm-f29">
         <name>__aeabi_memcpy</name>
         <value>0xa4f7</value>
         <object_component_ref idref="oc-52"/>
      </symbol>
      <symbol id="sm-f2a">
         <name>__aeabi_memcpy8</name>
         <value>0xa4f7</value>
         <object_component_ref idref="oc-52"/>
      </symbol>
      <symbol id="sm-f2b">
         <name>__aeabi_memcpy4</name>
         <value>0xa4f7</value>
         <object_component_ref idref="oc-52"/>
      </symbol>
      <symbol id="sm-f3a">
         <name>__aeabi_memset</name>
         <value>0xa737</value>
         <object_component_ref idref="oc-f2"/>
      </symbol>
      <symbol id="sm-f3b">
         <name>memset</name>
         <value>0xa73d</value>
         <object_component_ref idref="oc-f2"/>
      </symbol>
      <symbol id="sm-f3c">
         <name>__aeabi_memset8</name>
         <value>0xa737</value>
         <object_component_ref idref="oc-f2"/>
      </symbol>
      <symbol id="sm-f3d">
         <name>__aeabi_memset4</name>
         <value>0xa737</value>
         <object_component_ref idref="oc-f2"/>
      </symbol>
      <symbol id="sm-f3e">
         <name>__aeabi_memclr8</name>
         <value>0xa735</value>
         <object_component_ref idref="oc-f2"/>
      </symbol>
      <symbol id="sm-f3f">
         <name>__aeabi_memclr4</name>
         <value>0xa735</value>
         <object_component_ref idref="oc-f2"/>
      </symbol>
      <symbol id="sm-f40">
         <name>__aeabi_memclr</name>
         <value>0xa735</value>
         <object_component_ref idref="oc-f2"/>
      </symbol>
      <symbol id="sm-f4e">
         <name>__aeabi_ldivmod</name>
         <value>0xa81d</value>
         <object_component_ref idref="oc-203"/>
      </symbol>
      <symbol id="sm-f5b">
         <name>__aeabi_uldivmod</name>
         <value>0xa593</value>
         <object_component_ref idref="oc-378"/>
      </symbol>
      <symbol id="sm-f72">
         <name>__TI_zero_init</name>
         <value>0xad43</value>
         <object_component_ref idref="oc-64"/>
      </symbol>
      <symbol id="sm-f89">
         <name>__TI_decompress_none</name>
         <value>0xad35</value>
         <object_component_ref idref="oc-1b"/>
      </symbol>
      <symbol id="sm-fac">
         <name>__TI_decompress_lzss</name>
         <value>0xa88b</value>
         <object_component_ref idref="oc-15"/>
      </symbol>
      <symbol id="sm-fbf">
         <name>__stack</name>
         <value>0x20006b90</value>
         <object_component_ref idref="oc-24"/>
      </symbol>
      <symbol id="sm-fc0">
         <name>_c_int00_noargs</name>
         <value>0xac19</value>
         <object_component_ref idref="oc-70"/>
      </symbol>
      <symbol id="sm-1125">
         <name>__TI_printfi</name>
         <value>0x5f75</value>
         <object_component_ref idref="oc-38b"/>
      </symbol>
      <symbol id="sm-112f">
         <name>__aeabi_idiv0</name>
         <value>0x69c3</value>
         <object_component_ref idref="oc-373"/>
      </symbol>
      <symbol id="sm-1130">
         <name>__aeabi_ldiv0</name>
         <value>0x69c3</value>
         <object_component_ref idref="oc-373"/>
      </symbol>
      <symbol id="sm-1147">
         <name>__aeabi_dsub</name>
         <value>0x9ae5</value>
         <object_component_ref idref="oc-4b7"/>
      </symbol>
      <symbol id="sm-1148">
         <name>__aeabi_dadd</name>
         <value>0x9aef</value>
         <object_component_ref idref="oc-4b7"/>
      </symbol>
      <symbol id="sm-116a">
         <name>__aeabi_cdcmpeq</name>
         <value>0xa629</value>
         <object_component_ref idref="oc-42f"/>
      </symbol>
      <symbol id="sm-116b">
         <name>__aeabi_cdcmple</name>
         <value>0xa629</value>
         <object_component_ref idref="oc-42f"/>
      </symbol>
      <symbol id="sm-116c">
         <name>__aeabi_cdrcmple</name>
         <value>0xa6af</value>
         <object_component_ref idref="oc-4a2"/>
      </symbol>
      <symbol id="sm-1180">
         <name>__aeabi_ddiv</name>
         <value>0x9dd9</value>
         <object_component_ref idref="oc-49d"/>
      </symbol>
      <symbol id="sm-118b">
         <name>__aeabi_dmul</name>
         <value>0xa26d</value>
         <object_component_ref idref="oc-498"/>
      </symbol>
      <symbol id="sm-1195">
         <name>__aeabi_d2iz</name>
         <value>0xab4d</value>
         <object_component_ref idref="oc-4a7"/>
      </symbol>
      <symbol id="sm-119f">
         <name>__aeabi_i2d</name>
         <value>0xac7d</value>
         <object_component_ref idref="oc-4b2"/>
      </symbol>
      <symbol id="sm-11c7">
         <name>__TI_auto_init_nobinit_nopinit</name>
         <value>0xab95</value>
         <object_component_ref idref="oc-2f3"/>
      </symbol>
      <symbol id="sm-11d1">
         <name>_system_pre_init</name>
         <value>0xad59</value>
         <object_component_ref idref="oc-184"/>
      </symbol>
      <symbol id="sm-11dd">
         <name>C$$EXIT</name>
         <value>0xad5d</value>
         <object_component_ref idref="oc-2e7"/>
      </symbol>
      <symbol id="sm-11de">
         <name>abort</name>
         <value>0xad5d</value>
         <object_component_ref idref="oc-2e7"/>
      </symbol>
      <symbol id="sm-11ee">
         <name>__TI_ltoa</name>
         <value>0xaa0f</value>
         <object_component_ref idref="oc-4ac"/>
      </symbol>
      <symbol id="sm-1205">
         <name>atoi</name>
         <value>0xaab5</value>
         <object_component_ref idref="oc-423"/>
      </symbol>
      <symbol id="sm-1210">
         <name>_ctypes_</name>
         <value>0xad60</value>
         <object_component_ref idref="oc-491"/>
      </symbol>
      <symbol id="sm-1220">
         <name>memccpy</name>
         <value>0xacab</value>
         <object_component_ref idref="oc-44c"/>
      </symbol>
      <symbol id="sm-1230">
         <name>strchr</name>
         <value>0xacf9</value>
         <object_component_ref idref="oc-4e3"/>
      </symbol>
      <symbol id="sm-123e">
         <name>strlen</name>
         <value>0xad0f</value>
         <object_component_ref idref="oc-41d"/>
      </symbol>
      <symbol id="sm-1254">
         <name>__aeabi_errno_addr</name>
         <value>0xad51</value>
         <object_component_ref idref="oc-458"/>
      </symbol>
      <symbol id="sm-1255">
         <name>errno</name>
         <value>0x20006ec8</value>
         <object_component_ref idref="oc-4f3"/>
      </symbol>
      <symbol id="sm-126e">
         <name>wcslen</name>
         <value>0xad23</value>
         <object_component_ref idref="oc-452"/>
      </symbol>
      <symbol id="sm-128e">
         <name>frexpl</name>
         <value>0xa8f5</value>
         <object_component_ref idref="oc-4d7"/>
      </symbol>
      <symbol id="sm-128f">
         <name>frexp</name>
         <value>0xa8f5</value>
         <object_component_ref idref="oc-4d7"/>
      </symbol>
      <symbol id="sm-12ac">
         <name>scalbn</name>
         <value>0xa15d</value>
         <object_component_ref idref="oc-4dd"/>
      </symbol>
      <symbol id="sm-12ad">
         <name>scalbnl</name>
         <value>0xa15d</value>
         <object_component_ref idref="oc-4dd"/>
      </symbol>
      <symbol id="sm-12ae">
         <name>ldexpl</name>
         <value>0xa15d</value>
         <object_component_ref idref="oc-4dd"/>
      </symbol>
      <symbol id="sm-12af">
         <name>ldexp</name>
         <value>0xa15d</value>
         <object_component_ref idref="oc-4dd"/>
      </symbol>
      <symbol id="sm-12b9">
         <name>copysign</name>
         <value>0xacc7</value>
         <object_component_ref idref="oc-52d"/>
      </symbol>
      <symbol id="sm-12ba">
         <name>copysignl</name>
         <value>0xacc7</value>
         <object_component_ref idref="oc-52d"/>
      </symbol>
      <symbol id="sm-12bb">
         <name>__TI_static_base__</name>
         <value>0x0</value>
      </symbol>
      <symbol id="sm-12be">
         <name>__mpu_init</name>
         <value>0x0</value>
      </symbol>
      <symbol id="sm-12bf">
         <name>_system_post_cinit</name>
         <value>0x0</value>
      </symbol>
   </symbol_table>
   <title>Link successful</title>
</link_info>
